spidriver.c:6:13:initCommonCmd	16	static
spidriver.c:32:13:initReadRegCmd	16	static
spidriver.c:44:6:QSPI_WriteEnable	96	static
spidriver.c:86:6:QSPI_AutoPollingMemReady	88	static
spidriver.c:115:6:sFLASH_MemoryMapped	72	static
spidriver.c:149:6:sFLASH_DeInit	8	static
spidriver.c:154:6:sFLASH_Reset	64	static
spidriver.c:170:6:sFLASH_EraseSector	72	static
spidriver.c:188:6:sFLASH_EraseBulk	16	static
spidriver.c:220:6:sFLASH_WritePage	80	static
spidriver.c:249:5:sFLASH_WriteBuffer	80	static
spidriver.c:279:6:sFLASH_ReadBuffer	80	static
spidriver.c:302:10:sFLASH_ReadID	72	static
spidriver.c:329:9:sFLASH_ReadReg1	80	static
spidriver.c:350:9:sFLASH_SetReg1	72	static
spidriver.c:372:9:sFLASH_SetReg1SingleLine	72	static
spidriver.c:402:6:sFLASH_QPIMODE	72	static
spidriver.c:423:6:sFLASH_InstanceCmd1SingleLine	72	static
spidriver.c:441:6:sFLASH_InstanceCmd1	72	static
spidriver.c:458:10:sFLASH_ReadIDSingleLine	72	static
spidriver.c:484:6:QSPI_AutoPollingMemReadySingleLine	88	static
spidriver.c:511:9:sFLASH_ReadReg1SingleLine	80	static
spidriver.c:533:6:sFLASH_Init	8	static
