Archive member included to satisfy reference by file (symbol)

/Applications/STM32CubeIDE.app/Contents/Eclipse/plugins/com.st.stm32cube.ide.mcu.externaltools.gnu-tools-for-stm32.7-2018-q2-update.macos64_1.0.0.201904181610/tools/bin/../lib/gcc/arm-none-eabi/7.3.1/../../../../arm-none-eabi/lib/thumb/v7e-m/fpv5/hard/libc_nano.a(lib_a-errno.o)
                              Core/Src/syscalls.o (__errno)
/Applications/STM32CubeIDE.app/Contents/Eclipse/plugins/com.st.stm32cube.ide.mcu.externaltools.gnu-tools-for-stm32.7-2018-q2-update.macos64_1.0.0.201904181610/tools/bin/../lib/gcc/arm-none-eabi/7.3.1/../../../../arm-none-eabi/lib/thumb/v7e-m/fpv5/hard/libc_nano.a(lib_a-exit.o)
                              /Applications/STM32CubeIDE.app/Contents/Eclipse/plugins/com.st.stm32cube.ide.mcu.externaltools.gnu-tools-for-stm32.7-2018-q2-update.macos64_1.0.0.201904181610/tools/bin/../lib/gcc/arm-none-eabi/7.3.1/../../../../arm-none-eabi/lib/thumb/v7e-m/fpv5/hard/crt0.o (exit)
/Applications/STM32CubeIDE.app/Contents/Eclipse/plugins/com.st.stm32cube.ide.mcu.externaltools.gnu-tools-for-stm32.7-2018-q2-update.macos64_1.0.0.201904181610/tools/bin/../lib/gcc/arm-none-eabi/7.3.1/../../../../arm-none-eabi/lib/thumb/v7e-m/fpv5/hard/libc_nano.a(lib_a-impure.o)
                              /Applications/STM32CubeIDE.app/Contents/Eclipse/plugins/com.st.stm32cube.ide.mcu.externaltools.gnu-tools-for-stm32.7-2018-q2-update.macos64_1.0.0.201904181610/tools/bin/../lib/gcc/arm-none-eabi/7.3.1/../../../../arm-none-eabi/lib/thumb/v7e-m/fpv5/hard/libc_nano.a(lib_a-exit.o) (_global_impure_ptr)
/Applications/STM32CubeIDE.app/Contents/Eclipse/plugins/com.st.stm32cube.ide.mcu.externaltools.gnu-tools-for-stm32.7-2018-q2-update.macos64_1.0.0.201904181610/tools/bin/../lib/gcc/arm-none-eabi/7.3.1/../../../../arm-none-eabi/lib/thumb/v7e-m/fpv5/hard/libc_nano.a(lib_a-init.o)
                              /Applications/STM32CubeIDE.app/Contents/Eclipse/plugins/com.st.stm32cube.ide.mcu.externaltools.gnu-tools-for-stm32.7-2018-q2-update.macos64_1.0.0.201904181610/tools/bin/../lib/gcc/arm-none-eabi/7.3.1/../../../../arm-none-eabi/lib/thumb/v7e-m/fpv5/hard/crt0.o (__libc_init_array)
/Applications/STM32CubeIDE.app/Contents/Eclipse/plugins/com.st.stm32cube.ide.mcu.externaltools.gnu-tools-for-stm32.7-2018-q2-update.macos64_1.0.0.201904181610/tools/bin/../lib/gcc/arm-none-eabi/7.3.1/../../../../arm-none-eabi/lib/thumb/v7e-m/fpv5/hard/libc_nano.a(lib_a-memset.o)
                              /Applications/STM32CubeIDE.app/Contents/Eclipse/plugins/com.st.stm32cube.ide.mcu.externaltools.gnu-tools-for-stm32.7-2018-q2-update.macos64_1.0.0.201904181610/tools/bin/../lib/gcc/arm-none-eabi/7.3.1/../../../../arm-none-eabi/lib/thumb/v7e-m/fpv5/hard/crt0.o (memset)

Allocating common symbols
Common symbol       size              file

uwTick              0x4               Drivers/STM32H7xx_HAL_Driver/Src/stm32h7xx_hal.o
pFlash              0x1c              Drivers/STM32H7xx_HAL_Driver/Src/stm32h7xx_hal_flash.o
hqspi               0x4c              Core/Src/quadspi.o

Discarded input sections

 .group         0x0000000000000000        0xc Core/Src/devinfo.o
 .group         0x0000000000000000        0xc Core/Src/devinfo.o
 .group         0x0000000000000000        0xc Core/Src/gpio.o
 .group         0x0000000000000000        0xc Core/Src/gpio.o
 .group         0x0000000000000000        0xc Core/Src/gpio.o
 .group         0x0000000000000000        0xc Core/Src/gpio.o
 .group         0x0000000000000000        0xc Core/Src/gpio.o
 .group         0x0000000000000000        0xc Core/Src/gpio.o
 .group         0x0000000000000000        0xc Core/Src/gpio.o
 .group         0x0000000000000000        0xc Core/Src/gpio.o
 .group         0x0000000000000000        0xc Core/Src/gpio.o
 .group         0x0000000000000000        0xc Core/Src/gpio.o
 .group         0x0000000000000000        0xc Core/Src/gpio.o
 .group         0x0000000000000000        0xc Core/Src/gpio.o
 .group         0x0000000000000000        0xc Core/Src/gpio.o
 .group         0x0000000000000000        0xc Core/Src/gpio.o
 .group         0x0000000000000000        0xc Core/Src/gpio.o
 .group         0x0000000000000000        0xc Core/Src/gpio.o
 .group         0x0000000000000000        0xc Core/Src/gpio.o
 .group         0x0000000000000000        0xc Core/Src/gpio.o
 .group         0x0000000000000000        0xc Core/Src/gpio.o
 .group         0x0000000000000000        0xc Core/Src/gpio.o
 .group         0x0000000000000000        0xc Core/Src/gpio.o
 .group         0x0000000000000000        0xc Core/Src/gpio.o
 .group         0x0000000000000000        0xc Core/Src/gpio.o
 .group         0x0000000000000000        0xc Core/Src/gpio.o
 .group         0x0000000000000000        0xc Core/Src/gpio.o
 .group         0x0000000000000000        0xc Core/Src/gpio.o
 .group         0x0000000000000000        0xc Core/Src/gpio.o
 .group         0x0000000000000000        0xc Core/Src/gpio.o
[...]
Memory Configuration

Name             Origin             Length             Attributes
RAM_D1           0x0000000020000000 0x0000000000020000 xrw
*default*        0x0000000000000000 0xffffffffffffffff

Linker script and memory map

LOAD /Applications/STM32CubeIDE.app/Contents/Eclipse/plugins/com.st.stm32cube.ide.mcu.externaltools.gnu-tools-for-stm32.7-2018-q2-update.macos64_1.0.0.201904181610/tools/bin/../lib/gcc/arm-none-eabi/7.3.1/thumb/v7e-m/fpv5/hard/crti.o
LOAD /Applications/STM32CubeIDE.app/Contents/Eclipse/plugins/com.st.stm32cube.ide.mcu.externaltools.gnu-tools-for-stm32.7-2018-q2-update.macos64_1.0.0.201904181610/tools/bin/../lib/gcc/arm-none-eabi/7.3.1/thumb/v7e-m/fpv5/hard/crtbegin.o
LOAD /Applications/STM32CubeIDE.app/Contents/Eclipse/plugins/com.st.stm32cube.ide.mcu.externaltools.gnu-tools-for-stm32.7-2018-q2-update.macos64_1.0.0.201904181610/tools/bin/../lib/gcc/arm-none-eabi/7.3.1/../../../../arm-none-eabi/lib/thumb/v7e-m/fpv5/hard/crt0.o
LOAD Core/Src/devinfo.o
LOAD Core/Src/gpio.o
LOAD Core/Src/loader.o
LOAD Core/Src/main.o
LOAD Core/Src/quadspi.o
LOAD Core/Src/spidriver.o
LOAD Core/Src/stm32h7xx_hal_msp.o
LOAD Core/Src/stm32h7xx_it.o
LOAD Core/Src/syscalls.o
LOAD Core/Src/sysmem.o
LOAD Core/Src/system_stm32h7xx.o
LOAD Drivers/STM32H7xx_HAL_Driver/Src/stm32h7xx_hal.o
LOAD Drivers/STM32H7xx_HAL_Driver/Src/stm32h7xx_hal_cortex.o
LOAD Drivers/STM32H7xx_HAL_Driver/Src/stm32h7xx_hal_dma.o
LOAD Drivers/STM32H7xx_HAL_Driver/Src/stm32h7xx_hal_dma_ex.o
LOAD Drivers/STM32H7xx_HAL_Driver/Src/stm32h7xx_hal_exti.o
LOAD Drivers/STM32H7xx_HAL_Driver/Src/stm32h7xx_hal_flash.o
LOAD Drivers/STM32H7xx_HAL_Driver/Src/stm32h7xx_hal_flash_ex.o
LOAD Drivers/STM32H7xx_HAL_Driver/Src/stm32h7xx_hal_gpio.o
LOAD Drivers/STM32H7xx_HAL_Driver/Src/stm32h7xx_hal_hsem.o
LOAD Drivers/STM32H7xx_HAL_Driver/Src/stm32h7xx_hal_i2c.o
LOAD Drivers/STM32H7xx_HAL_Driver/Src/stm32h7xx_hal_i2c_ex.o
LOAD Drivers/STM32H7xx_HAL_Driver/Src/stm32h7xx_hal_mdma.o
LOAD Drivers/STM32H7xx_HAL_Driver/Src/stm32h7xx_hal_pwr.o
LOAD Drivers/STM32H7xx_HAL_Driver/Src/stm32h7xx_hal_pwr_ex.o
LOAD Drivers/STM32H7xx_HAL_Driver/Src/stm32h7xx_hal_qspi.o
LOAD Drivers/STM32H7xx_HAL_Driver/Src/stm32h7xx_hal_rcc.o
LOAD Drivers/STM32H7xx_HAL_Driver/Src/stm32h7xx_hal_rcc_ex.o
LOAD Drivers/STM32H7xx_HAL_Driver/Src/stm32h7xx_hal_tim.o
LOAD Drivers/STM32H7xx_HAL_Driver/Src/stm32h7xx_hal_tim_ex.o
START GROUP
LOAD /Applications/STM32CubeIDE.app/Contents/Eclipse/plugins/com.st.stm32cube.ide.mcu.externaltools.gnu-tools-for-stm32.7-2018-q2-update.macos64_1.0.0.201904181610/tools/bin/../lib/gcc/arm-none-eabi/7.3.1/../../../../arm-none-eabi/lib/thumb/v7e-m/fpv5/hard/libc_nano.a
LOAD /Applications/STM32CubeIDE.app/Contents/Eclipse/plugins/com.st.stm32cube.ide.mcu.externaltools.gnu-tools-for-stm32.7-2018-q2-update.macos64_1.0.0.201904181610/tools/bin/../lib/gcc/arm-none-eabi/7.3.1/../../../../arm-none-eabi/lib/thumb/v7e-m/fpv5/hard/libm.a
END GROUP
START GROUP
LOAD /Applications/STM32CubeIDE.app/Contents/Eclipse/plugins/com.st.stm32cube.ide.mcu.externaltools.gnu-tools-for-stm32.7-2018-q2-update.macos64_1.0.0.201904181610/tools/bin/../lib/gcc/arm-none-eabi/7.3.1/thumb/v7e-m/fpv5/hard/libgcc.a
LOAD /Applications/STM32CubeIDE.app/Contents/Eclipse/plugins/com.st.stm32cube.ide.mcu.externaltools.gnu-tools-for-stm32.7-2018-q2-update.macos64_1.0.0.201904181610/tools/bin/../lib/gcc/arm-none-eabi/7.3.1/../../../../arm-none-eabi/lib/thumb/v7e-m/fpv5/hard/libc_nano.a
END GROUP
START GROUP
LOAD /Applications/STM32CubeIDE.app/Contents/Eclipse/plugins/com.st.stm32cube.ide.mcu.externaltools.gnu-tools-for-stm32.7-2018-q2-update.macos64_1.0.0.201904181610/tools/bin/../lib/gcc/arm-none-eabi/7.3.1/thumb/v7e-m/fpv5/hard/libgcc.a
LOAD /Applications/STM32CubeIDE.app/Contents/Eclipse/plugins/com.st.stm32cube.ide.mcu.externaltools.gnu-tools-for-stm32.7-2018-q2-update.macos64_1.0.0.201904181610/tools/bin/../lib/gcc/arm-none-eabi/7.3.1/../../../../arm-none-eabi/lib/thumb/v7e-m/fpv5/hard/libc_nano.a
END GROUP
LOAD /Applications/STM32CubeIDE.app/Contents/Eclipse/plugins/com.st.stm32cube.ide.mcu.externaltools.gnu-tools-for-stm32.7-2018-q2-update.macos64_1.0.0.201904181610/tools/bin/../lib/gcc/arm-none-eabi/7.3.1/thumb/v7e-m/fpv5/hard/crtend.o
LOAD /Applications/STM32CubeIDE.app/Contents/Eclipse/plugins/com.st.stm32cube.ide.mcu.externaltools.gnu-tools-for-stm32.7-2018-q2-update.macos64_1.0.0.201904181610/tools/bin/../lib/gcc/arm-none-eabi/7.3.1/thumb/v7e-m/fpv5/hard/crtn.o
                0x0000000000000200                _Min_Heap_Size = 0x200
                0x0000000000000400                _Min_Stack_Size = 0x400

.text           0x0000000020000000    0x1be8c
                0x0000000020000000                . = ALIGN (0x4)
 *(.text)
 .text          0x0000000020000000        0x0 /Applications/STM32CubeIDE.app/Contents/Eclipse/plugins/com.st.stm32cube.ide.mcu.externaltools.gnu-tools-for-stm32.7-2018-q2-update.macos64_1.0.0.201904181610/tools/bin/../lib/gcc/arm-none-eabi/7.3.1/thumb/v7e-m/fpv5/hard/crti.o
 .text          0x0000000020000000       0x40 /Applications/STM32CubeIDE.app/Contents/Eclipse/plugins/com.st.stm32cube.ide.mcu.externaltools.gnu-tools-for-stm32.7-2018-q2-update.macos64_1.0.0.201904181610/tools/bin/../lib/gcc/arm-none-eabi/7.3.1/thumb/v7e-m/fpv5/hard/crtbegin.o
 .text          0x0000000020000040       0x74 /Applications/STM32CubeIDE.app/Contents/Eclipse/plugins/com.st.stm32cube.ide.mcu.externaltools.gnu-tools-for-stm32.7-2018-q2-update.macos64_1.0.0.201904181610/tools/bin/../lib/gcc/arm-none-eabi/7.3.1/../../../../arm-none-eabi/lib/thumb/v7e-m/fpv5/hard/crt0.o
                0x0000000020000040                _mainCRTStartup
                0x0000000020000040                _start
 .text          0x00000000200000b4        0x0 Core/Src/devinfo.o
 .text          0x00000000200000b4        0x0 Core/Src/gpio.o
 .text          0x00000000200000b4        0x0 Core/Src/loader.o
 .text          0x00000000200000b4        0x0 Core/Src/main.o
 .text          0x00000000200000b4        0x0 Core/Src/quadspi.o
 .text          0x00000000200000b4        0x0 Core/Src/spidriver.o
 .text          0x00000000200000b4        0x0 Core/Src/stm32h7xx_hal_msp.o
 .text          0x00000000200000b4        0x0 Core/Src/stm32h7xx_it.o
 .text          0x00000000200000b4        0x0 Core/Src/syscalls.o
 .text          0x00000000200000b4        0x0 Core/Src/sysmem.o
 .text          0x00000000200000b4        0x0 Core/Src/system_stm32h7xx.o
 .text          0x00000000200000b4        0x0 Drivers/STM32H7xx_HAL_Driver/Src/stm32h7xx_hal.o
 .text          0x00000000200000b4        0x0 Drivers/STM32H7xx_HAL_Driver/Src/stm32h7xx_hal_cortex.o
 .text          0x00000000200000b4        0x0 Drivers/STM32H7xx_HAL_Driver/Src/stm32h7xx_hal_dma.o
 .text          0x00000000200000b4        0x0 Drivers/STM32H7xx_HAL_Driver/Src/stm32h7xx_hal_dma_ex.o
 .text          0x00000000200000b4        0x0 Drivers/STM32H7xx_HAL_Driver/Src/stm32h7xx_hal_exti.o
 .text          0x00000000200000b4        0x0 Drivers/STM32H7xx_HAL_Driver/Src/stm32h7xx_hal_flash.o
 .text          0x00000000200000b4        0x0 Drivers/STM32H7xx_HAL_Driver/Src/stm32h7xx_hal_flash_ex.o
 .text          0x00000000200000b4        0x0 Drivers/STM32H7xx_HAL_Driver/Src/stm32h7xx_hal_gpio.o
 .text          0x00000000200000b4        0x0 Drivers/STM32H7xx_HAL_Driver/Src/stm32h7xx_hal_hsem.o
 .text          0x00000000200000b4        0x0 Drivers/STM32H7xx_HAL_Driver/Src/stm32h7xx_hal_i2c.o
 .text          0x00000000200000b4        0x0 Drivers/STM32H7xx_HAL_Driver/Src/stm32h7xx_hal_i2c_ex.o
 .text          0x00000000200000b4        0x0 Drivers/STM32H7xx_HAL_Driver/Src/stm32h7xx_hal_mdma.o
 .text          0x00000000200000b4        0x0 Drivers/STM32H7xx_HAL_Driver/Src/stm32h7xx_hal_pwr.o
 .text          0x00000000200000b4        0x0 Drivers/STM32H7xx_HAL_Driver/Src/stm32h7xx_hal_pwr_ex.o
 .text          0x00000000200000b4        0x0 Drivers/STM32H7xx_HAL_Driver/Src/stm32h7xx_hal_qspi.o
 .text          0x00000000200000b4        0x0 Drivers/STM32H7xx_HAL_Driver/Src/stm32h7xx_hal_rcc.o
 .text          0x00000000200000b4        0x0 Drivers/STM32H7xx_HAL_Driver/Src/stm32h7xx_hal_rcc_ex.o
 .text          0x00000000200000b4        0x0 Drivers/STM32H7xx_HAL_Driver/Src/stm32h7xx_hal_tim.o
 .text          0x00000000200000b4        0x0 Drivers/STM32H7xx_HAL_Driver/Src/stm32h7xx_hal_tim_ex.o
 .text          0x00000000200000b4        0x0 /Applications/STM32CubeIDE.app/Contents/Eclipse/plugins/com.st.stm32cube.ide.mcu.externaltools.gnu-tools-for-stm32.7-2018-q2-update.macos64_1.0.0.201904181610/tools/bin/../lib/gcc/arm-none-eabi/7.3.1/../../../../arm-none-eabi/lib/thumb/v7e-m/fpv5/hard/libc_nano.a(lib_a-errno.o)
 .text          0x00000000200000b4        0x0 /Applications/STM32CubeIDE.app/Contents/Eclipse/plugins/com.st.stm32cube.ide.mcu.externaltools.gnu-tools-for-stm32.7-2018-q2-update.macos64_1.0.0.201904181610/tools/bin/../lib/gcc/arm-none-eabi/7.3.1/../../../../arm-none-eabi/lib/thumb/v7e-m/fpv5/hard/libc_nano.a(lib_a-exit.o)
 .text          0x00000000200000b4        0x0 /Applications/STM32CubeIDE.app/Contents/Eclipse/plugins/com.st.stm32cube.ide.mcu.externaltools.gnu-tools-for-stm32.7-2018-q2-update.macos64_1.0.0.201904181610/tools/bin/../lib/gcc/arm-none-eabi/7.3.1/../../../../arm-none-eabi/lib/thumb/v7e-m/fpv5/hard/libc_nano.a(lib_a-impure.o)
 .text          0x00000000200000b4        0x0 /Applications/STM32CubeIDE.app/Contents/Eclipse/plugins/com.st.stm32cube.ide.mcu.externaltools.gnu-tools-for-stm32.7-2018-q2-update.macos64_1.0.0.201904181610/tools/bin/../lib/gcc/arm-none-eabi/7.3.1/../../../../arm-none-eabi/lib/thumb/v7e-m/fpv5/hard/libc_nano.a(lib_a-init.o)
 .text          0x00000000200000b4        0x0 /Applications/STM32CubeIDE.app/Contents/Eclipse/plugins/com.st.stm32cube.ide.mcu.externaltools.gnu-tools-for-stm32.7-2018-q2-update.macos64_1.0.0.201904181610/tools/bin/../lib/gcc/arm-none-eabi/7.3.1/../../../../arm-none-eabi/lib/thumb/v7e-m/fpv5/hard/libc_nano.a(lib_a-memset.o)
 .text          0x00000000200000b4        0x0 /Applications/STM32CubeIDE.app/Contents/Eclipse/plugins/com.st.stm32cube.ide.mcu.externaltools.gnu-tools-for-stm32.7-2018-q2-update.macos64_1.0.0.201904181610/tools/bin/../lib/gcc/arm-none-eabi/7.3.1/thumb/v7e-m/fpv5/hard/crtend.o
 .text          0x00000000200000b4        0x0 /Applications/STM32CubeIDE.app/Contents/Eclipse/plugins/com.st.stm32cube.ide.mcu.externaltools.gnu-tools-for-stm32.7-2018-q2-update.macos64_1.0.0.201904181610/tools/bin/../lib/gcc/arm-none-eabi/7.3.1/thumb/v7e-m/fpv5/hard/crtn.o
 *(.text*)
 .text.MX_GPIO_Init
                0x00000000200000b4       0xac Core/Src/gpio.o
                0x00000000200000b4                MX_GPIO_Init
 .text.Init     0x0000000020000160       0x12 Core/Src/loader.o
                0x0000000020000160                Init
 .text.Read     0x0000000020000172       0x3a Core/Src/loader.o
                0x0000000020000172                Read
 .text.Write    0x00000000200001ac      0x194 Core/Src/loader.o
                0x00000000200001ac                Write
 .text.MassErase
                0x0000000020000340        0xe Core/Src/loader.o
                0x0000000020000340                MassErase
 *fill*         0x000000002000034e        0x2 
 .text.SectorErase
                0x0000000020000350       0x40 Core/Src/loader.o
                0x0000000020000350                SectorErase
 .text.CheckSum
                0x0000000020000390      0x21a Core/Src/loader.o
                0x0000000020000390                CheckSum
 .text.Verify   0x00000000200005aa       0xcc Core/Src/loader.o
                0x00000000200005aa                Verify
 .text.ITM_SendChar
                0x0000000020000676       0x4e Core/Src/main.o
 .text.PatchSWD
                0x00000000200006c4       0xb4 Core/Src/main.o
                0x00000000200006c4                PatchSWD
 .text.main     0x0000000020000778       0x1e Core/Src/main.o
                0x0000000020000778                main
 *fill*         0x0000000020000796        0x2 
 .text.SystemClock_Config
                0x0000000020000798      0x134 Core/Src/main.o
                0x0000000020000798                SystemClock_Config
 .text.__io_putchar
                0x00000000200008cc       0x1a Core/Src/main.o
                0x00000000200008cc                __io_putchar
 .text.Error_Handler
                0x00000000200008e6        0xe Core/Src/main.o
                0x00000000200008e6                Error_Handler
 .text.assert_failed
                0x00000000200008f4       0x16 Core/Src/main.o
                0x00000000200008f4                assert_failed
 *fill*         0x000000002000090a        0x2 
 .text.MX_QUADSPI_Init
                0x000000002000090c       0x58 Core/Src/quadspi.o
                0x000000002000090c                MX_QUADSPI_Init
 .text.HAL_QSPI_MspInit
                0x0000000020000964      0x160 Core/Src/quadspi.o
                0x0000000020000964                HAL_QSPI_MspInit
 .text.HAL_QSPI_MspDeInit
                0x0000000020000ac4       0x68 Core/Src/quadspi.o
                0x0000000020000ac4                HAL_QSPI_MspDeInit
 .text.initCommonCmd
                0x0000000020000b2c       0x6c Core/Src/spidriver.o
 .text.initReadRegCmd
                0x0000000020000b98       0x32 Core/Src/spidriver.o
 .text.QSPI_WriteEnable
                0x0000000020000bca       0xac Core/Src/spidriver.o
                0x0000000020000bca                QSPI_WriteEnable
 *fill*         0x0000000020000c76        0x2 
 .text.QSPI_AutoPollingMemReady
                0x0000000020000c78       0x7c Core/Src/spidriver.o
                0x0000000020000c78                QSPI_AutoPollingMemReady
 .text.sFLASH_MemoryMapped
                0x0000000020000cf4       0x80 Core/Src/spidriver.o
                0x0000000020000cf4                sFLASH_MemoryMapped
 .text.sFLASH_DeInit
                0x0000000020000d74       0x14 Core/Src/spidriver.o
                0x0000000020000d74                sFLASH_DeInit
 .text.sFLASH_Reset
                0x0000000020000d88       0x58 Core/Src/spidriver.o
                0x0000000020000d88                sFLASH_Reset
 .text.sFLASH_EraseSector
                0x0000000020000de0       0x64 Core/Src/spidriver.o
                0x0000000020000de0                sFLASH_EraseSector
 .text.sFLASH_EraseBulk
                0x0000000020000e44       0x2a Core/Src/spidriver.o
                0x0000000020000e44                sFLASH_EraseBulk
 *fill*         0x0000000020000e6e        0x2 
 .text.sFLASH_WritePage
                0x0000000020000e70       0x84 Core/Src/spidriver.o
                0x0000000020000e70                sFLASH_WritePage
 .text.sFLASH_WriteBuffer
                0x0000000020000ef4       0x7c Core/Src/spidriver.o
                0x0000000020000ef4                sFLASH_WriteBuffer
 .text.sFLASH_ReadBuffer
                0x0000000020000f70       0x78 Core/Src/spidriver.o
                0x0000000020000f70                sFLASH_ReadBuffer
 .text.sFLASH_ReadID
                0x0000000020000fe8       0x70 Core/Src/spidriver.o
                0x0000000020000fe8                sFLASH_ReadID
 .text.sFLASH_ReadReg1
                0x0000000020001058       0x68 Core/Src/spidriver.o
                0x0000000020001058                sFLASH_ReadReg1
 .text.sFLASH_SetReg1
                0x00000000200010c0       0x74 Core/Src/spidriver.o
                0x00000000200010c0                sFLASH_SetReg1
 .text.sFLASH_SetReg1SingleLine
                0x0000000020001134       0x94 Core/Src/spidriver.o
                0x0000000020001134                sFLASH_SetReg1SingleLine
 .text.sFLASH_QPIMODE
                0x00000000200011c8       0x68 Core/Src/spidriver.o
                0x00000000200011c8                sFLASH_QPIMODE
 .text.sFLASH_InstanceCmd1SingleLine
                0x0000000020001230       0x58 Core/Src/spidriver.o
                0x0000000020001230                sFLASH_InstanceCmd1SingleLine
 .text.sFLASH_InstanceCmd1
                0x0000000020001288       0x54 Core/Src/spidriver.o
                0x0000000020001288                sFLASH_InstanceCmd1
 .text.sFLASH_ReadIDSingleLine
                0x00000000200012dc       0x70 Core/Src/spidriver.o
                0x00000000200012dc                sFLASH_ReadIDSingleLine
 .text.QSPI_AutoPollingMemReadySingleLine
                0x000000002000134c       0x78 Core/Src/spidriver.o
                0x000000002000134c                QSPI_AutoPollingMemReadySingleLine
 .text.sFLASH_ReadReg1SingleLine
                0x00000000200013c4       0x68 Core/Src/spidriver.o
                0x00000000200013c4                sFLASH_ReadReg1SingleLine
 .text.sFLASH_Init
                0x000000002000142c       0x58 Core/Src/spidriver.o
                0x000000002000142c                sFLASH_Init
 .text.HAL_MspInit
                0x0000000020001484       0x34 Core/Src/stm32h7xx_hal_msp.o
                0x0000000020001484                HAL_MspInit
 .text.NMI_Handler
                0x00000000200014b8        0xe Core/Src/stm32h7xx_it.o
                0x00000000200014b8                NMI_Handler
 .text.HardFault_Handler
                0x00000000200014c6        0x6 Core/Src/stm32h7xx_it.o
                0x00000000200014c6                HardFault_Handler
 .text.MemManage_Handler
                0x00000000200014cc        0x6 Core/Src/stm32h7xx_it.o
                0x00000000200014cc                MemManage_Handler
 .text.BusFault_Handler
                0x00000000200014d2        0x6 Core/Src/stm32h7xx_it.o
                0x00000000200014d2                BusFault_Handler
 .text.UsageFault_Handler
                0x00000000200014d8        0x6 Core/Src/stm32h7xx_it.o
                0x00000000200014d8                UsageFault_Handler
 .text.SVC_Handler
                0x00000000200014de        0xe Core/Src/stm32h7xx_it.o
                0x00000000200014de                SVC_Handler
 .text.DebugMon_Handler
                0x00000000200014ec        0xe Core/Src/stm32h7xx_it.o
                0x00000000200014ec                DebugMon_Handler
 .text.PendSV_Handler
                0x00000000200014fa        0xe Core/Src/stm32h7xx_it.o
                0x00000000200014fa                PendSV_Handler
 .text.SysTick_Handler
                0x0000000020001508        0xc Core/Src/stm32h7xx_it.o
                0x0000000020001508                SysTick_Handler
 .text.initialise_monitor_handles
                0x0000000020001514        0xe Core/Src/syscalls.o
                0x0000000020001514                initialise_monitor_handles
 .text._getpid  0x0000000020001522       0x10 Core/Src/syscalls.o
                0x0000000020001522                _getpid
 .text._kill    0x0000000020001532       0x20 Core/Src/syscalls.o
                0x0000000020001532                _kill
 .text._exit    0x0000000020001552       0x14 Core/Src/syscalls.o
                0x0000000020001552                _exit
 .text._read    0x0000000020001566       0x3a Core/Src/syscalls.o
                0x0000000020001566                _read
 .text._write   0x00000000200015a0       0x38 Core/Src/syscalls.o
                0x00000000200015a0                _write
 .text._close   0x00000000200015d8       0x18 Core/Src/syscalls.o
                0x00000000200015d8                _close
 .text._fstat   0x00000000200015f0       0x20 Core/Src/syscalls.o
                0x00000000200015f0                _fstat
 .text._isatty  0x0000000020001610       0x16 Core/Src/syscalls.o
                0x0000000020001610                _isatty
 .text._lseek   0x0000000020001626       0x1a Core/Src/syscalls.o
                0x0000000020001626                _lseek
 .text._open    0x0000000020001640       0x1c Core/Src/syscalls.o
                0x0000000020001640                _open
 .text._wait    0x000000002000165c       0x1e Core/Src/syscalls.o
                0x000000002000165c                _wait
 .text._unlink  0x000000002000167a       0x1e Core/Src/syscalls.o
                0x000000002000167a                _unlink
 .text._times   0x0000000020001698       0x18 Core/Src/syscalls.o
                0x0000000020001698                _times
 .text._stat    0x00000000200016b0       0x20 Core/Src/syscalls.o
                0x00000000200016b0                _stat
 .text._link    0x00000000200016d0       0x20 Core/Src/syscalls.o
                0x00000000200016d0                _link
 .text._fork    0x00000000200016f0       0x16 Core/Src/syscalls.o
                0x00000000200016f0                _fork
 .text._execve  0x0000000020001706       0x22 Core/Src/syscalls.o
                0x0000000020001706                _execve
 .text._sbrk    0x0000000020001728       0x58 Core/Src/sysmem.o
                0x0000000020001728                _sbrk
 .text.SystemInit
                0x0000000020001780       0xc4 Core/Src/system_stm32h7xx.o
                0x0000000020001780                SystemInit
 .text.SystemCoreClockUpdate
                0x0000000020001844      0x2d0 Core/Src/system_stm32h7xx.o
                0x0000000020001844                SystemCoreClockUpdate
 .text.HAL_Init
                0x0000000020001b14       0x78 Drivers/STM32H7xx_HAL_Driver/Src/stm32h7xx_hal.o
                0x0000000020001b14                HAL_Init
 .text.HAL_DeInit
                0x0000000020001b8c       0xb0 Drivers/STM32H7xx_HAL_Driver/Src/stm32h7xx_hal.o
                0x0000000020001b8c                HAL_DeInit
 .text.HAL_MspInit
                0x0000000020001c3c        0xe Drivers/STM32H7xx_HAL_Driver/Src/stm32h7xx_hal.o
 .text.HAL_MspDeInit
                0x0000000020001c4a        0xe Drivers/STM32H7xx_HAL_Driver/Src/stm32h7xx_hal.o
                0x0000000020001c4a                HAL_MspDeInit
 .text.HAL_InitTick
                0x0000000020001c58       0x6c Drivers/STM32H7xx_HAL_Driver/Src/stm32h7xx_hal.o
                0x0000000020001c58                HAL_InitTick
 .text.HAL_IncTick
                0x0000000020001cc4       0x28 Drivers/STM32H7xx_HAL_Driver/Src/stm32h7xx_hal.o
                0x0000000020001cc4                HAL_IncTick
 .text.HAL_GetTick
                0x0000000020001cec       0x18 Drivers/STM32H7xx_HAL_Driver/Src/stm32h7xx_hal.o
                0x0000000020001cec                HAL_GetTick
 .text.HAL_GetTickPrio
                0x0000000020001d04       0x18 Drivers/STM32H7xx_HAL_Driver/Src/stm32h7xx_hal.o
                0x0000000020001d04                HAL_GetTickPrio
 .text.HAL_SetTickFreq
                0x0000000020001d1c       0x70 Drivers/STM32H7xx_HAL_Driver/Src/stm32h7xx_hal.o
                0x0000000020001d1c                HAL_SetTickFreq
 .text.HAL_GetTickFreq
                0x0000000020001d8c       0x18 Drivers/STM32H7xx_HAL_Driver/Src/stm32h7xx_hal.o
                0x0000000020001d8c                HAL_GetTickFreq
 .text.HAL_Delay
                0x0000000020001da4       0x44 Drivers/STM32H7xx_HAL_Driver/Src/stm32h7xx_hal.o
                0x0000000020001da4                HAL_Delay
 .text.HAL_SuspendTick
                0x0000000020001de8       0x20 Drivers/STM32H7xx_HAL_Driver/Src/stm32h7xx_hal.o
                0x0000000020001de8                HAL_SuspendTick
 .text.HAL_ResumeTick
                0x0000000020001e08       0x20 Drivers/STM32H7xx_HAL_Driver/Src/stm32h7xx_hal.o
                0x0000000020001e08                HAL_ResumeTick
 .text.HAL_GetHalVersion
                0x0000000020001e28       0x12 Drivers/STM32H7xx_HAL_Driver/Src/stm32h7xx_hal.o
                0x0000000020001e28                HAL_GetHalVersion
 *fill*         0x0000000020001e3a        0x2 
 .text.HAL_GetREVID
                0x0000000020001e3c       0x18 Drivers/STM32H7xx_HAL_Driver/Src/stm32h7xx_hal.o
                0x0000000020001e3c                HAL_GetREVID
 .text.HAL_GetDEVID
                0x0000000020001e54       0x1c Drivers/STM32H7xx_HAL_Driver/Src/stm32h7xx_hal.o
                0x0000000020001e54                HAL_GetDEVID
 .text.HAL_GetUIDw0
                0x0000000020001e70       0x18 Drivers/STM32H7xx_HAL_Driver/Src/stm32h7xx_hal.o
                0x0000000020001e70                HAL_GetUIDw0
 .text.HAL_GetUIDw1
                0x0000000020001e88       0x18 Drivers/STM32H7xx_HAL_Driver/Src/stm32h7xx_hal.o
                0x0000000020001e88                HAL_GetUIDw1
 .text.HAL_GetUIDw2
                0x0000000020001ea0       0x18 Drivers/STM32H7xx_HAL_Driver/Src/stm32h7xx_hal.o
                0x0000000020001ea0                HAL_GetUIDw2
 .text.HAL_SYSCFG_VREFBUF_VoltageScalingConfig
                0x0000000020001eb8       0x4c Drivers/STM32H7xx_HAL_Driver/Src/stm32h7xx_hal.o
                0x0000000020001eb8                HAL_SYSCFG_VREFBUF_VoltageScalingConfig
 .text.HAL_SYSCFG_VREFBUF_HighImpedanceConfig
                0x0000000020001f04       0x40 Drivers/STM32H7xx_HAL_Driver/Src/stm32h7xx_hal.o
                0x0000000020001f04                HAL_SYSCFG_VREFBUF_HighImpedanceConfig
 .text.HAL_SYSCFG_VREFBUF_TrimmingConfig
                0x0000000020001f44       0x40 Drivers/STM32H7xx_HAL_Driver/Src/stm32h7xx_hal.o
                0x0000000020001f44                HAL_SYSCFG_VREFBUF_TrimmingConfig
 .text.HAL_SYSCFG_EnableVREFBUF
                0x0000000020001f84       0x48 Drivers/STM32H7xx_HAL_Driver/Src/stm32h7xx_hal.o
                0x0000000020001f84                HAL_SYSCFG_EnableVREFBUF
 .text.HAL_SYSCFG_DisableVREFBUF
                0x0000000020001fcc       0x20 Drivers/STM32H7xx_HAL_Driver/Src/stm32h7xx_hal.o
                0x0000000020001fcc                HAL_SYSCFG_DisableVREFBUF
 .text.HAL_SYSCFG_ETHInterfaceSelect
                0x0000000020001fec       0x40 Drivers/STM32H7xx_HAL_Driver/Src/stm32h7xx_hal.o
                0x0000000020001fec                HAL_SYSCFG_ETHInterfaceSelect
 .text.HAL_SYSCFG_AnalogSwitchConfig
                0x000000002000202c       0x60 Drivers/STM32H7xx_HAL_Driver/Src/stm32h7xx_hal.o
                0x000000002000202c                HAL_SYSCFG_AnalogSwitchConfig
 .text.HAL_SYSCFG_EnableBOOST
                0x000000002000208c       0x20 Drivers/STM32H7xx_HAL_Driver/Src/stm32h7xx_hal.o
                0x000000002000208c                HAL_SYSCFG_EnableBOOST
 .text.HAL_SYSCFG_DisableBOOST
                0x00000000200020ac       0x20 Drivers/STM32H7xx_HAL_Driver/Src/stm32h7xx_hal.o
                0x00000000200020ac                HAL_SYSCFG_DisableBOOST
 .text.HAL_SYSCFG_CM7BootAddConfig
                0x00000000200020cc       0x7c Drivers/STM32H7xx_HAL_Driver/Src/stm32h7xx_hal.o
                0x00000000200020cc                HAL_SYSCFG_CM7BootAddConfig
 .text.HAL_EnableCompensationCell
                0x0000000020002148       0x20 Drivers/STM32H7xx_HAL_Driver/Src/stm32h7xx_hal.o
                0x0000000020002148                HAL_EnableCompensationCell
 .text.HAL_DisableCompensationCell
                0x0000000020002168       0x20 Drivers/STM32H7xx_HAL_Driver/Src/stm32h7xx_hal.o
                0x0000000020002168                HAL_DisableCompensationCell
 .text.HAL_SYSCFG_EnableIOSpeedOptimize
                0x0000000020002188       0x20 Drivers/STM32H7xx_HAL_Driver/Src/stm32h7xx_hal.o
                0x0000000020002188                HAL_SYSCFG_EnableIOSpeedOptimize
 .text.HAL_SYSCFG_DisableIOSpeedOptimize
                0x00000000200021a8       0x20 Drivers/STM32H7xx_HAL_Driver/Src/stm32h7xx_hal.o
                0x00000000200021a8                HAL_SYSCFG_DisableIOSpeedOptimize
 .text.HAL_SYSCFG_CompensationCodeSelect
                0x00000000200021c8       0x40 Drivers/STM32H7xx_HAL_Driver/Src/stm32h7xx_hal.o
                0x00000000200021c8                HAL_SYSCFG_CompensationCodeSelect
 .text.HAL_SYSCFG_CompensationCodeConfig
                0x0000000020002208       0x50 Drivers/STM32H7xx_HAL_Driver/Src/stm32h7xx_hal.o
                0x0000000020002208                HAL_SYSCFG_CompensationCodeConfig
 .text.HAL_DBGMCU_EnableDBGSleepMode
                0x0000000020002258       0x20 Drivers/STM32H7xx_HAL_Driver/Src/stm32h7xx_hal.o
                0x0000000020002258                HAL_DBGMCU_EnableDBGSleepMode
 .text.HAL_DBGMCU_DisableDBGSleepMode
                0x0000000020002278       0x20 Drivers/STM32H7xx_HAL_Driver/Src/stm32h7xx_hal.o
                0x0000000020002278                HAL_DBGMCU_DisableDBGSleepMode
 .text.HAL_DBGMCU_EnableDBGStopMode
                0x0000000020002298       0x20 Drivers/STM32H7xx_HAL_Driver/Src/stm32h7xx_hal.o
                0x0000000020002298                HAL_DBGMCU_EnableDBGStopMode
 .text.HAL_DBGMCU_DisableDBGStopMode
                0x00000000200022b8       0x20 Drivers/STM32H7xx_HAL_Driver/Src/stm32h7xx_hal.o
                0x00000000200022b8                HAL_DBGMCU_DisableDBGStopMode
 .text.HAL_DBGMCU_EnableDBGStandbyMode
                0x00000000200022d8       0x20 Drivers/STM32H7xx_HAL_Driver/Src/stm32h7xx_hal.o
                0x00000000200022d8                HAL_DBGMCU_EnableDBGStandbyMode
 .text.HAL_DBGMCU_DisableDBGStandbyMode
                0x00000000200022f8       0x20 Drivers/STM32H7xx_HAL_Driver/Src/stm32h7xx_hal.o
                0x00000000200022f8                HAL_DBGMCU_DisableDBGStandbyMode
 .text.HAL_EnableDomain3DBGStopMode
                0x0000000020002318       0x20 Drivers/STM32H7xx_HAL_Driver/Src/stm32h7xx_hal.o
                0x0000000020002318                HAL_EnableDomain3DBGStopMode
 .text.HAL_DisableDomain3DBGStopMode
                0x0000000020002338       0x20 Drivers/STM32H7xx_HAL_Driver/Src/stm32h7xx_hal.o
                0x0000000020002338                HAL_DisableDomain3DBGStopMode
 .text.HAL_EnableDomain3DBGStandbyMode
                0x0000000020002358       0x20 Drivers/STM32H7xx_HAL_Driver/Src/stm32h7xx_hal.o
                0x0000000020002358                HAL_EnableDomain3DBGStandbyMode
 .text.HAL_DisableDomain3DBGStandbyMode
                0x0000000020002378       0x20 Drivers/STM32H7xx_HAL_Driver/Src/stm32h7xx_hal.o
                0x0000000020002378                HAL_DisableDomain3DBGStandbyMode
 .text.HAL_SetFMCMemorySwappingConfig
                0x0000000020002398       0x48 Drivers/STM32H7xx_HAL_Driver/Src/stm32h7xx_hal.o
                0x0000000020002398                HAL_SetFMCMemorySwappingConfig
 .text.HAL_GetFMCMemorySwappingConfig
                0x00000000200023e0       0x1c Drivers/STM32H7xx_HAL_Driver/Src/stm32h7xx_hal.o
                0x00000000200023e0                HAL_GetFMCMemorySwappingConfig
 .text.HAL_EXTI_EdgeConfig
                0x00000000200023fc      0x190 Drivers/STM32H7xx_HAL_Driver/Src/stm32h7xx_hal.o
                0x00000000200023fc                HAL_EXTI_EdgeConfig
 .text.HAL_EXTI_GenerateSWInterrupt
                0x000000002000258c       0xe8 Drivers/STM32H7xx_HAL_Driver/Src/stm32h7xx_hal.o
                0x000000002000258c                HAL_EXTI_GenerateSWInterrupt
 .text.HAL_EXTI_D1_ClearFlag
                0x0000000020002674      0x260 Drivers/STM32H7xx_HAL_Driver/Src/stm32h7xx_hal.o
                0x0000000020002674                HAL_EXTI_D1_ClearFlag
 .text.HAL_EXTI_D1_EventInputConfig
                0x00000000200028d4      0x334 Drivers/STM32H7xx_HAL_Driver/Src/stm32h7xx_hal.o
                0x00000000200028d4                HAL_EXTI_D1_EventInputConfig
 .text.HAL_EXTI_D3_EventInputConfig
                0x0000000020002c08      0x1ac Drivers/STM32H7xx_HAL_Driver/Src/stm32h7xx_hal.o
                0x0000000020002c08                HAL_EXTI_D3_EventInputConfig
 .text.__NVIC_SetPriorityGrouping
                0x0000000020002db4       0x48 Drivers/STM32H7xx_HAL_Driver/Src/stm32h7xx_hal_cortex.o
 .text.__NVIC_GetPriorityGrouping
                0x0000000020002dfc       0x1c Drivers/STM32H7xx_HAL_Driver/Src/stm32h7xx_hal_cortex.o
 .text.__NVIC_EnableIRQ
                0x0000000020002e18       0x3c Drivers/STM32H7xx_HAL_Driver/Src/stm32h7xx_hal_cortex.o
 .text.__NVIC_DisableIRQ
                0x0000000020002e54       0x44 Drivers/STM32H7xx_HAL_Driver/Src/stm32h7xx_hal_cortex.o
 .text.__NVIC_GetPendingIRQ
                0x0000000020002e98       0x44 Drivers/STM32H7xx_HAL_Driver/Src/stm32h7xx_hal_cortex.o
 .text.__NVIC_SetPendingIRQ
                0x0000000020002edc       0x3c Drivers/STM32H7xx_HAL_Driver/Src/stm32h7xx_hal_cortex.o
 .text.__NVIC_ClearPendingIRQ
                0x0000000020002f18       0x3c Drivers/STM32H7xx_HAL_Driver/Src/stm32h7xx_hal_cortex.o
 .text.__NVIC_GetActive
                0x0000000020002f54       0x44 Drivers/STM32H7xx_HAL_Driver/Src/stm32h7xx_hal_cortex.o
 .text.__NVIC_SetPriority
                0x0000000020002f98       0x54 Drivers/STM32H7xx_HAL_Driver/Src/stm32h7xx_hal_cortex.o
 .text.__NVIC_GetPriority
                0x0000000020002fec       0x50 Drivers/STM32H7xx_HAL_Driver/Src/stm32h7xx_hal_cortex.o
 .text.NVIC_EncodePriority
                0x000000002000303c       0x66 Drivers/STM32H7xx_HAL_Driver/Src/stm32h7xx_hal_cortex.o
 .text.NVIC_DecodePriority
                0x00000000200030a2       0x6e Drivers/STM32H7xx_HAL_Driver/Src/stm32h7xx_hal_cortex.o
 .text.__NVIC_SystemReset
                0x0000000020003110       0x28 Drivers/STM32H7xx_HAL_Driver/Src/stm32h7xx_hal_cortex.o
 .text.SysTick_Config
                0x0000000020003138       0x44 Drivers/STM32H7xx_HAL_Driver/Src/stm32h7xx_hal_cortex.o
 .text.HAL_NVIC_SetPriorityGrouping
                0x000000002000317c       0x40 Drivers/STM32H7xx_HAL_Driver/Src/stm32h7xx_hal_cortex.o
                0x000000002000317c                HAL_NVIC_SetPriorityGrouping
 .text.HAL_NVIC_SetPriority
                0x00000000200031bc       0x54 Drivers/STM32H7xx_HAL_Driver/Src/stm32h7xx_hal_cortex.o
                0x00000000200031bc                HAL_NVIC_SetPriority
 .text.HAL_NVIC_EnableIRQ
                0x0000000020003210       0x30 Drivers/STM32H7xx_HAL_Driver/Src/stm32h7xx_hal_cortex.o
                0x0000000020003210                HAL_NVIC_EnableIRQ
 .text.HAL_NVIC_DisableIRQ
                0x0000000020003240       0x30 Drivers/STM32H7xx_HAL_Driver/Src/stm32h7xx_hal_cortex.o
                0x0000000020003240                HAL_NVIC_DisableIRQ
 .text.HAL_NVIC_SystemReset
                0x0000000020003270        0x8 Drivers/STM32H7xx_HAL_Driver/Src/stm32h7xx_hal_cortex.o
                0x0000000020003270                HAL_NVIC_SystemReset
 .text.HAL_SYSTICK_Config
                0x0000000020003278       0x18 Drivers/STM32H7xx_HAL_Driver/Src/stm32h7xx_hal_cortex.o
                0x0000000020003278                HAL_SYSTICK_Config
 .text.HAL_MPU_Disable
                0x0000000020003290       0x2c Drivers/STM32H7xx_HAL_Driver/Src/stm32h7xx_hal_cortex.o
                0x0000000020003290                HAL_MPU_Disable
 .text.HAL_MPU_Enable
                0x00000000200032bc       0x3c Drivers/STM32H7xx_HAL_Driver/Src/stm32h7xx_hal_cortex.o
                0x00000000200032bc                HAL_MPU_Enable
 .text.HAL_MPU_ConfigRegion
                0x00000000200032f8      0x2f0 Drivers/STM32H7xx_HAL_Driver/Src/stm32h7xx_hal_cortex.o
                0x00000000200032f8                HAL_MPU_ConfigRegion
 .text.HAL_NVIC_GetPriorityGrouping
                0x00000000200035e8        0xe Drivers/STM32H7xx_HAL_Driver/Src/stm32h7xx_hal_cortex.o
                0x00000000200035e8                HAL_NVIC_GetPriorityGrouping
 *fill*         0x00000000200035f6        0x2 
 .text.HAL_NVIC_GetPriority
                0x00000000200035f8       0x58 Drivers/STM32H7xx_HAL_Driver/Src/stm32h7xx_hal_cortex.o
                0x00000000200035f8                HAL_NVIC_GetPriority
 .text.HAL_NVIC_SetPendingIRQ
                0x0000000020003650       0x34 Drivers/STM32H7xx_HAL_Driver/Src/stm32h7xx_hal_cortex.o
                0x0000000020003650                HAL_NVIC_SetPendingIRQ
 .text.HAL_NVIC_GetPendingIRQ
                0x0000000020003684       0x34 Drivers/STM32H7xx_HAL_Driver/Src/stm32h7xx_hal_cortex.o
                0x0000000020003684                HAL_NVIC_GetPendingIRQ
 .text.HAL_NVIC_ClearPendingIRQ
                0x00000000200036b8       0x34 Drivers/STM32H7xx_HAL_Driver/Src/stm32h7xx_hal_cortex.o
                0x00000000200036b8                HAL_NVIC_ClearPendingIRQ
 .text.HAL_NVIC_GetActive
                0x00000000200036ec       0x34 Drivers/STM32H7xx_HAL_Driver/Src/stm32h7xx_hal_cortex.o
                0x00000000200036ec                HAL_NVIC_GetActive
 .text.HAL_SYSTICK_CLKSourceConfig
                0x0000000020003720       0x50 Drivers/STM32H7xx_HAL_Driver/Src/stm32h7xx_hal_cortex.o
                0x0000000020003720                HAL_SYSTICK_CLKSourceConfig
 .text.HAL_SYSTICK_IRQHandler
                0x0000000020003770        0xc Drivers/STM32H7xx_HAL_Driver/Src/stm32h7xx_hal_cortex.o
                0x0000000020003770                HAL_SYSTICK_IRQHandler
 .text.HAL_SYSTICK_Callback
                0x000000002000377c        0xe Drivers/STM32H7xx_HAL_Driver/Src/stm32h7xx_hal_cortex.o
                0x000000002000377c                HAL_SYSTICK_Callback
 .text.HAL_GetCurrentCPUID
                0x000000002000378a       0x10 Drivers/STM32H7xx_HAL_Driver/Src/stm32h7xx_hal_cortex.o
                0x000000002000378a                HAL_GetCurrentCPUID
 *fill*         0x000000002000379a        0x2 
 .text.HAL_DMA_Init
                0x000000002000379c      0x9f0 Drivers/STM32H7xx_HAL_Driver/Src/stm32h7xx_hal_dma.o
                0x000000002000379c                HAL_DMA_Init
 .text.HAL_DMA_DeInit
                0x000000002000418c      0x4c8 Drivers/STM32H7xx_HAL_Driver/Src/stm32h7xx_hal_dma.o
                0x000000002000418c                HAL_DMA_DeInit
 .text.HAL_DMA_Start
                0x0000000020004654      0x25c Drivers/STM32H7xx_HAL_Driver/Src/stm32h7xx_hal_dma.o
                0x0000000020004654                HAL_DMA_Start
 .text.HAL_DMA_Start_IT
                0x00000000200048b0      0x4f0 Drivers/STM32H7xx_HAL_Driver/Src/stm32h7xx_hal_dma.o
                0x00000000200048b0                HAL_DMA_Start_IT
 .text.HAL_DMA_Abort
                0x0000000020004da0      0x63c Drivers/STM32H7xx_HAL_Driver/Src/stm32h7xx_hal_dma.o
                0x0000000020004da0                HAL_DMA_Abort
 .text.HAL_DMA_Abort_IT
                0x00000000200053dc      0x488 Drivers/STM32H7xx_HAL_Driver/Src/stm32h7xx_hal_dma.o
                0x00000000200053dc                HAL_DMA_Abort_IT
 .text.HAL_DMA_PollForTransfer
                0x0000000020005864      0x754 Drivers/STM32H7xx_HAL_Driver/Src/stm32h7xx_hal_dma.o
                0x0000000020005864                HAL_DMA_PollForTransfer
 .text.HAL_DMA_IRQHandler
                0x0000000020005fb8      0xe54 Drivers/STM32H7xx_HAL_Driver/Src/stm32h7xx_hal_dma.o
                0x0000000020005fb8                HAL_DMA_IRQHandler
 .text.HAL_DMA_RegisterCallback
                0x0000000020006e0c       0xb4 Drivers/STM32H7xx_HAL_Driver/Src/stm32h7xx_hal_dma.o
                0x0000000020006e0c                HAL_DMA_RegisterCallback
 .text.HAL_DMA_UnRegisterCallback
                0x0000000020006ec0       0xdc Drivers/STM32H7xx_HAL_Driver/Src/stm32h7xx_hal_dma.o
                0x0000000020006ec0                HAL_DMA_UnRegisterCallback
 .text.HAL_DMA_GetState
                0x0000000020006f9c       0x1c Drivers/STM32H7xx_HAL_Driver/Src/stm32h7xx_hal_dma.o
                0x0000000020006f9c                HAL_DMA_GetState
 .text.HAL_DMA_GetError
                0x0000000020006fb8       0x18 Drivers/STM32H7xx_HAL_Driver/Src/stm32h7xx_hal_dma.o
                0x0000000020006fb8                HAL_DMA_GetError
 .text.DMA_SetConfig
                0x0000000020006fd0      0x358 Drivers/STM32H7xx_HAL_Driver/Src/stm32h7xx_hal_dma.o
 .text.DMA_CalcBaseAndBitshift
                0x0000000020007328      0x164 Drivers/STM32H7xx_HAL_Driver/Src/stm32h7xx_hal_dma.o
 .text.DMA_CheckFifoParam
                0x000000002000748c       0xf8 Drivers/STM32H7xx_HAL_Driver/Src/stm32h7xx_hal_dma.o
 .text.DMA_CalcDMAMUXChannelBaseAndMask
                0x0000000020007584      0x134 Drivers/STM32H7xx_HAL_Driver/Src/stm32h7xx_hal_dma.o
 .text.DMA_CalcDMAMUXRequestGenBaseAndMask
                0x00000000200076b8       0xe8 Drivers/STM32H7xx_HAL_Driver/Src/stm32h7xx_hal_dma.o
 .text.HAL_DMAEx_MultiBufferStart
                0x00000000200077a0      0x538 Drivers/STM32H7xx_HAL_Driver/Src/stm32h7xx_hal_dma_ex.o
                0x00000000200077a0                HAL_DMAEx_MultiBufferStart
 .text.HAL_DMAEx_MultiBufferStart_IT
                0x0000000020007cd8      0x7ec Drivers/STM32H7xx_HAL_Driver/Src/stm32h7xx_hal_dma_ex.o
                0x0000000020007cd8                HAL_DMAEx_MultiBufferStart_IT
 .text.HAL_DMAEx_ChangeMemory
                0x00000000200084c4      0x138 Drivers/STM32H7xx_HAL_Driver/Src/stm32h7xx_hal_dma_ex.o
                0x00000000200084c4                HAL_DMAEx_ChangeMemory
 .text.HAL_DMAEx_ConfigMuxSync
                0x00000000200085fc      0x35c Drivers/STM32H7xx_HAL_Driver/Src/stm32h7xx_hal_dma_ex.o
                0x00000000200085fc                HAL_DMAEx_ConfigMuxSync
 .text.HAL_DMAEx_ConfigMuxRequestGenerator
                0x0000000020008958      0x308 Drivers/STM32H7xx_HAL_Driver/Src/stm32h7xx_hal_dma_ex.o
                0x0000000020008958                HAL_DMAEx_ConfigMuxRequestGenerator
 .text.HAL_DMAEx_EnableMuxRequestGenerator
                0x0000000020008c60      0x198 Drivers/STM32H7xx_HAL_Driver/Src/stm32h7xx_hal_dma_ex.o
                0x0000000020008c60                HAL_DMAEx_EnableMuxRequestGenerator
 .text.HAL_DMAEx_DisableMuxRequestGenerator
                0x0000000020008df8      0x198 Drivers/STM32H7xx_HAL_Driver/Src/stm32h7xx_hal_dma_ex.o
                0x0000000020008df8                HAL_DMAEx_DisableMuxRequestGenerator
 .text.HAL_DMAEx_MUX_IRQHandler
                0x0000000020008f90       0xa4 Drivers/STM32H7xx_HAL_Driver/Src/stm32h7xx_hal_dma_ex.o
                0x0000000020008f90                HAL_DMAEx_MUX_IRQHandler
 .text.DMA_MultiBufferSetConfig
                0x0000000020009034      0x16c Drivers/STM32H7xx_HAL_Driver/Src/stm32h7xx_hal_dma_ex.o
 .text.HAL_EXTI_SetConfigLine
                0x00000000200091a0      0x3c0 Drivers/STM32H7xx_HAL_Driver/Src/stm32h7xx_hal_exti.o
                0x00000000200091a0                HAL_EXTI_SetConfigLine
 .text.HAL_EXTI_GetConfigLine
                0x0000000020009560      0x274 Drivers/STM32H7xx_HAL_Driver/Src/stm32h7xx_hal_exti.o
                0x0000000020009560                HAL_EXTI_GetConfigLine
 .text.HAL_EXTI_ClearConfigLine
                0x00000000200097d4      0x21c Drivers/STM32H7xx_HAL_Driver/Src/stm32h7xx_hal_exti.o
                0x00000000200097d4                HAL_EXTI_ClearConfigLine
 .text.HAL_EXTI_RegisterCallback
                0x00000000200099f0       0x3e Drivers/STM32H7xx_HAL_Driver/Src/stm32h7xx_hal_exti.o
                0x00000000200099f0                HAL_EXTI_RegisterCallback
 *fill*         0x0000000020009a2e        0x2 
 .text.HAL_EXTI_GetHandle
                0x0000000020009a30       0x90 Drivers/STM32H7xx_HAL_Driver/Src/stm32h7xx_hal_exti.o
                0x0000000020009a30                HAL_EXTI_GetHandle
 .text.HAL_EXTI_IRQHandler
                0x0000000020009ac0       0x60 Drivers/STM32H7xx_HAL_Driver/Src/stm32h7xx_hal_exti.o
                0x0000000020009ac0                HAL_EXTI_IRQHandler
 .text.HAL_EXTI_GetPending
                0x0000000020009b20      0x100 Drivers/STM32H7xx_HAL_Driver/Src/stm32h7xx_hal_exti.o
                0x0000000020009b20                HAL_EXTI_GetPending
 .text.HAL_EXTI_ClearPending
                0x0000000020009c20       0xf0 Drivers/STM32H7xx_HAL_Driver/Src/stm32h7xx_hal_exti.o
                0x0000000020009c20                HAL_EXTI_ClearPending
 .text.HAL_EXTI_GenerateSWI
                0x0000000020009d10       0xd0 Drivers/STM32H7xx_HAL_Driver/Src/stm32h7xx_hal_exti.o
                0x0000000020009d10                HAL_EXTI_GenerateSWI
 .text.HAL_FLASH_Program
                0x0000000020009de0      0x144 Drivers/STM32H7xx_HAL_Driver/Src/stm32h7xx_hal_flash.o
                0x0000000020009de0                HAL_FLASH_Program
 .text.HAL_FLASH_Program_IT
                0x0000000020009f24      0x13c Drivers/STM32H7xx_HAL_Driver/Src/stm32h7xx_hal_flash.o
                0x0000000020009f24                HAL_FLASH_Program_IT
 .text.HAL_FLASH_IRQHandler
                0x000000002000a060      0x2b4 Drivers/STM32H7xx_HAL_Driver/Src/stm32h7xx_hal_flash.o
                0x000000002000a060                HAL_FLASH_IRQHandler
 .text.HAL_FLASH_EndOfOperationCallback
                0x000000002000a314       0x14 Drivers/STM32H7xx_HAL_Driver/Src/stm32h7xx_hal_flash.o
                0x000000002000a314                HAL_FLASH_EndOfOperationCallback
 .text.HAL_FLASH_OperationErrorCallback
                0x000000002000a328       0x14 Drivers/STM32H7xx_HAL_Driver/Src/stm32h7xx_hal_flash.o
                0x000000002000a328                HAL_FLASH_OperationErrorCallback
 .text.HAL_FLASH_Unlock
                0x000000002000a33c       0x74 Drivers/STM32H7xx_HAL_Driver/Src/stm32h7xx_hal_flash.o
                0x000000002000a33c                HAL_FLASH_Unlock
 .text.HAL_FLASH_Lock
                0x000000002000a3b0       0x54 Drivers/STM32H7xx_HAL_Driver/Src/stm32h7xx_hal_flash.o
                0x000000002000a3b0                HAL_FLASH_Lock
 .text.HAL_FLASH_OB_Unlock
                0x000000002000a404       0x44 Drivers/STM32H7xx_HAL_Driver/Src/stm32h7xx_hal_flash.o
                0x000000002000a404                HAL_FLASH_OB_Unlock
 .text.HAL_FLASH_OB_Lock
                0x000000002000a448       0x30 Drivers/STM32H7xx_HAL_Driver/Src/stm32h7xx_hal_flash.o
                0x000000002000a448                HAL_FLASH_OB_Lock
 .text.HAL_FLASH_OB_Launch
                0x000000002000a478       0x64 Drivers/STM32H7xx_HAL_Driver/Src/stm32h7xx_hal_flash.o
                0x000000002000a478                HAL_FLASH_OB_Launch
 .text.HAL_FLASH_GetError
                0x000000002000a4dc       0x18 Drivers/STM32H7xx_HAL_Driver/Src/stm32h7xx_hal_flash.o
                0x000000002000a4dc                HAL_FLASH_GetError
 .text.FLASH_WaitForLastOperation
                0x000000002000a4f4      0x150 Drivers/STM32H7xx_HAL_Driver/Src/stm32h7xx_hal_flash.o
                0x000000002000a4f4                FLASH_WaitForLastOperation
 .text.FLASH_OB_WaitForLastOperation
                0x000000002000a644       0x78 Drivers/STM32H7xx_HAL_Driver/Src/stm32h7xx_hal_flash.o
                0x000000002000a644                FLASH_OB_WaitForLastOperation
 .text.FLASH_CRC_WaitForLastOperation
                0x000000002000a6bc      0x110 Drivers/STM32H7xx_HAL_Driver/Src/stm32h7xx_hal_flash.o
                0x000000002000a6bc                FLASH_CRC_WaitForLastOperation
 .text.HAL_FLASHEx_Erase
                0x000000002000a7cc      0x1d0 Drivers/STM32H7xx_HAL_Driver/Src/stm32h7xx_hal_flash_ex.o
                0x000000002000a7cc                HAL_FLASHEx_Erase
 .text.HAL_FLASHEx_Erase_IT
                0x000000002000a99c      0x178 Drivers/STM32H7xx_HAL_Driver/Src/stm32h7xx_hal_flash_ex.o
                0x000000002000a99c                HAL_FLASHEx_Erase_IT
 .text.HAL_FLASHEx_OBProgram
                0x000000002000ab14      0x1a4 Drivers/STM32H7xx_HAL_Driver/Src/stm32h7xx_hal_flash_ex.o
                0x000000002000ab14                HAL_FLASHEx_OBProgram
 .text.HAL_FLASHEx_OBGetConfig
                0x000000002000acb8       0xb6 Drivers/STM32H7xx_HAL_Driver/Src/stm32h7xx_hal_flash_ex.o
                0x000000002000acb8                HAL_FLASHEx_OBGetConfig
 *fill*         0x000000002000ad6e        0x2 
 .text.HAL_FLASHEx_Unlock_Bank1
                0x000000002000ad70       0x44 Drivers/STM32H7xx_HAL_Driver/Src/stm32h7xx_hal_flash_ex.o
                0x000000002000ad70                HAL_FLASHEx_Unlock_Bank1
 .text.HAL_FLASHEx_Lock_Bank1
                0x000000002000adb4       0x20 Drivers/STM32H7xx_HAL_Driver/Src/stm32h7xx_hal_flash_ex.o
                0x000000002000adb4                HAL_FLASHEx_Lock_Bank1
 .text.HAL_FLASHEx_Unlock_Bank2
                0x000000002000add4       0x4c Drivers/STM32H7xx_HAL_Driver/Src/stm32h7xx_hal_flash_ex.o
                0x000000002000add4                HAL_FLASHEx_Unlock_Bank2
 .text.HAL_FLASHEx_Lock_Bank2
                0x000000002000ae20       0x24 Drivers/STM32H7xx_HAL_Driver/Src/stm32h7xx_hal_flash_ex.o
                0x000000002000ae20                HAL_FLASHEx_Lock_Bank2
 .text.HAL_FLASHEx_ComputeCRC
                0x000000002000ae44      0x234 Drivers/STM32H7xx_HAL_Driver/Src/stm32h7xx_hal_flash_ex.o
                0x000000002000ae44                HAL_FLASHEx_ComputeCRC
 .text.FLASH_MassErase
                0x000000002000b078      0x110 Drivers/STM32H7xx_HAL_Driver/Src/stm32h7xx_hal_flash_ex.o
 .text.FLASH_Erase_Sector
                0x000000002000b188       0xc4 Drivers/STM32H7xx_HAL_Driver/Src/stm32h7xx_hal_flash_ex.o
                0x000000002000b188                FLASH_Erase_Sector
 .text.FLASH_OB_EnableWRP
                0x000000002000b24c       0x80 Drivers/STM32H7xx_HAL_Driver/Src/stm32h7xx_hal_flash_ex.o
 .text.FLASH_OB_DisableWRP
                0x000000002000b2cc       0x7c Drivers/STM32H7xx_HAL_Driver/Src/stm32h7xx_hal_flash_ex.o
 .text.FLASH_OB_GetWRP
                0x000000002000b348       0x64 Drivers/STM32H7xx_HAL_Driver/Src/stm32h7xx_hal_flash_ex.o
 .text.FLASH_OB_RDPConfig
                0x000000002000b3ac       0x4c Drivers/STM32H7xx_HAL_Driver/Src/stm32h7xx_hal_flash_ex.o
 .text.FLASH_OB_GetRDP
                0x000000002000b3f8       0x38 Drivers/STM32H7xx_HAL_Driver/Src/stm32h7xx_hal_flash_ex.o
 .text.FLASH_OB_UserConfig
                0x000000002000b430      0x27c Drivers/STM32H7xx_HAL_Driver/Src/stm32h7xx_hal_flash_ex.o
 .text.FLASH_OB_GetUser
                0x000000002000b6ac       0x2c Drivers/STM32H7xx_HAL_Driver/Src/stm32h7xx_hal_flash_ex.o
 .text.FLASH_OB_PCROPConfig
                0x000000002000b6d8      0x10c Drivers/STM32H7xx_HAL_Driver/Src/stm32h7xx_hal_flash_ex.o
 .text.FLASH_OB_GetPCROP
                0x000000002000b7e4       0x8c Drivers/STM32H7xx_HAL_Driver/Src/stm32h7xx_hal_flash_ex.o
 .text.FLASH_OB_BOR_LevelConfig
                0x000000002000b870       0x4c Drivers/STM32H7xx_HAL_Driver/Src/stm32h7xx_hal_flash_ex.o
 .text.FLASH_OB_GetBOR
                0x000000002000b8bc       0x1c Drivers/STM32H7xx_HAL_Driver/Src/stm32h7xx_hal_flash_ex.o
 .text.FLASH_OB_BootAddConfig
                0x000000002000b8d8       0x98 Drivers/STM32H7xx_HAL_Driver/Src/stm32h7xx_hal_flash_ex.o
 .text.FLASH_OB_GetBootAdd
                0x000000002000b970       0x38 Drivers/STM32H7xx_HAL_Driver/Src/stm32h7xx_hal_flash_ex.o
 .text.FLASH_OB_SecureAreaConfig
                0x000000002000b9a8      0x114 Drivers/STM32H7xx_HAL_Driver/Src/stm32h7xx_hal_flash_ex.o
 .text.FLASH_OB_GetSecureArea
                0x000000002000babc       0x8c Drivers/STM32H7xx_HAL_Driver/Src/stm32h7xx_hal_flash_ex.o
 .text.FLASH_CRC_AddSector
                0x000000002000bb48       0x74 Drivers/STM32H7xx_HAL_Driver/Src/stm32h7xx_hal_flash_ex.o
 .text.FLASH_CRC_SelectAddress
                0x000000002000bbbc       0xac Drivers/STM32H7xx_HAL_Driver/Src/stm32h7xx_hal_flash_ex.o
 .text.HAL_GPIO_Init
                0x000000002000bc68      0x560 Drivers/STM32H7xx_HAL_Driver/Src/stm32h7xx_hal_gpio.o
                0x000000002000bc68                HAL_GPIO_Init
 .text.HAL_GPIO_DeInit
                0x000000002000c1c8      0x29c Drivers/STM32H7xx_HAL_Driver/Src/stm32h7xx_hal_gpio.o
                0x000000002000c1c8                HAL_GPIO_DeInit
 .text.HAL_GPIO_ReadPin
                0x000000002000c464       0x50 Drivers/STM32H7xx_HAL_Driver/Src/stm32h7xx_hal_gpio.o
                0x000000002000c464                HAL_GPIO_ReadPin
 .text.HAL_GPIO_WritePin
                0x000000002000c4b4       0x68 Drivers/STM32H7xx_HAL_Driver/Src/stm32h7xx_hal_gpio.o
                0x000000002000c4b4                HAL_GPIO_WritePin
 .text.HAL_GPIO_TogglePin
                0x000000002000c51c       0x54 Drivers/STM32H7xx_HAL_Driver/Src/stm32h7xx_hal_gpio.o
                0x000000002000c51c                HAL_GPIO_TogglePin
 .text.HAL_GPIO_LockPin
                0x000000002000c570       0xfc Drivers/STM32H7xx_HAL_Driver/Src/stm32h7xx_hal_gpio.o
                0x000000002000c570                HAL_GPIO_LockPin
 .text.HAL_GPIO_EXTI_IRQHandler
                0x000000002000c66c       0x34 Drivers/STM32H7xx_HAL_Driver/Src/stm32h7xx_hal_gpio.o
                0x000000002000c66c                HAL_GPIO_EXTI_IRQHandler
 .text.HAL_GPIO_EXTI_Callback
                0x000000002000c6a0       0x16 Drivers/STM32H7xx_HAL_Driver/Src/stm32h7xx_hal_gpio.o
                0x000000002000c6a0                HAL_GPIO_EXTI_Callback
 *fill*         0x000000002000c6b6        0x2 
 .text.HAL_HSEM_Take
                0x000000002000c6b8       0x60 Drivers/STM32H7xx_HAL_Driver/Src/stm32h7xx_hal_hsem.o
                0x000000002000c6b8                HAL_HSEM_Take
 .text.HAL_HSEM_FastTake
                0x000000002000c718       0x40 Drivers/STM32H7xx_HAL_Driver/Src/stm32h7xx_hal_hsem.o
                0x000000002000c718                HAL_HSEM_FastTake
 .text.HAL_HSEM_IsSemTaken
                0x000000002000c758       0x2c Drivers/STM32H7xx_HAL_Driver/Src/stm32h7xx_hal_hsem.o
                0x000000002000c758                HAL_HSEM_IsSemTaken
 .text.HAL_HSEM_Release
                0x000000002000c784       0x44 Drivers/STM32H7xx_HAL_Driver/Src/stm32h7xx_hal_hsem.o
                0x000000002000c784                HAL_HSEM_Release
 .text.HAL_HSEM_ReleaseAll
                0x000000002000c7c8       0x48 Drivers/STM32H7xx_HAL_Driver/Src/stm32h7xx_hal_hsem.o
                0x000000002000c7c8                HAL_HSEM_ReleaseAll
 .text.HAL_HSEM_SetClearKey
                0x000000002000c810       0x40 Drivers/STM32H7xx_HAL_Driver/Src/stm32h7xx_hal_hsem.o
                0x000000002000c810                HAL_HSEM_SetClearKey
 .text.HAL_HSEM_GetClearKey
                0x000000002000c850       0x1c Drivers/STM32H7xx_HAL_Driver/Src/stm32h7xx_hal_hsem.o
                0x000000002000c850                HAL_HSEM_GetClearKey
 .text.HAL_HSEM_ActivateNotification
                0x000000002000c86c       0x24 Drivers/STM32H7xx_HAL_Driver/Src/stm32h7xx_hal_hsem.o
                0x000000002000c86c                HAL_HSEM_ActivateNotification
 .text.HAL_HSEM_DeactivateNotification
                0x000000002000c890       0x28 Drivers/STM32H7xx_HAL_Driver/Src/stm32h7xx_hal_hsem.o
                0x000000002000c890                HAL_HSEM_DeactivateNotification
 .text.HAL_HSEM_IRQHandler
                0x000000002000c8b8       0x34 Drivers/STM32H7xx_HAL_Driver/Src/stm32h7xx_hal_hsem.o
                0x000000002000c8b8                HAL_HSEM_IRQHandler
 .text.HAL_HSEM_FreeCallback
                0x000000002000c8ec       0x14 Drivers/STM32H7xx_HAL_Driver/Src/stm32h7xx_hal_hsem.o
                0x000000002000c8ec                HAL_HSEM_FreeCallback
 .text.HAL_I2C_Init
                0x000000002000c900      0x244 Drivers/STM32H7xx_HAL_Driver/Src/stm32h7xx_hal_i2c.o
                0x000000002000c900                HAL_I2C_Init
 .text.HAL_I2C_DeInit
                0x000000002000cb44       0xa4 Drivers/STM32H7xx_HAL_Driver/Src/stm32h7xx_hal_i2c.o
                0x000000002000cb44                HAL_I2C_DeInit
 .text.HAL_I2C_MspInit
                0x000000002000cbe8       0x14 Drivers/STM32H7xx_HAL_Driver/Src/stm32h7xx_hal_i2c.o
                0x000000002000cbe8                HAL_I2C_MspInit
 .text.HAL_I2C_MspDeInit
                0x000000002000cbfc       0x14 Drivers/STM32H7xx_HAL_Driver/Src/stm32h7xx_hal_i2c.o
                0x000000002000cbfc                HAL_I2C_MspDeInit
 .text.HAL_I2C_Master_Transmit
                0x000000002000cc10      0x1e8 Drivers/STM32H7xx_HAL_Driver/Src/stm32h7xx_hal_i2c.o
                0x000000002000cc10                HAL_I2C_Master_Transmit
 .text.HAL_I2C_Master_Receive
                0x000000002000cdf8      0x1ec Drivers/STM32H7xx_HAL_Driver/Src/stm32h7xx_hal_i2c.o
                0x000000002000cdf8                HAL_I2C_Master_Receive
 .text.HAL_I2C_Slave_Transmit
                0x000000002000cfe4      0x212 Drivers/STM32H7xx_HAL_Driver/Src/stm32h7xx_hal_i2c.o
                0x000000002000cfe4                HAL_I2C_Slave_Transmit
 .text.HAL_I2C_Slave_Receive
                0x000000002000d1f6      0x1fe Drivers/STM32H7xx_HAL_Driver/Src/stm32h7xx_hal_i2c.o
                0x000000002000d1f6                HAL_I2C_Slave_Receive
 .text.HAL_I2C_Master_Transmit_IT
                0x000000002000d3f4       0xe0 Drivers/STM32H7xx_HAL_Driver/Src/stm32h7xx_hal_i2c.o
                0x000000002000d3f4                HAL_I2C_Master_Transmit_IT
 .text.HAL_I2C_Master_Receive_IT
                0x000000002000d4d4       0xe0 Drivers/STM32H7xx_HAL_Driver/Src/stm32h7xx_hal_i2c.o
                0x000000002000d4d4                HAL_I2C_Master_Receive_IT
 .text.HAL_I2C_Slave_Transmit_IT
                0x000000002000d5b4       0xa0 Drivers/STM32H7xx_HAL_Driver/Src/stm32h7xx_hal_i2c.o
                0x000000002000d5b4                HAL_I2C_Slave_Transmit_IT
 .text.HAL_I2C_Slave_Receive_IT
                0x000000002000d654       0xa0 Drivers/STM32H7xx_HAL_Driver/Src/stm32h7xx_hal_i2c.o
                0x000000002000d654                HAL_I2C_Slave_Receive_IT
 .text.HAL_I2C_Master_Transmit_DMA
                0x000000002000d6f4      0x1e0 Drivers/STM32H7xx_HAL_Driver/Src/stm32h7xx_hal_i2c.o
                0x000000002000d6f4                HAL_I2C_Master_Transmit_DMA
 .text.HAL_I2C_Master_Receive_DMA
                0x000000002000d8d4      0x1e0 Drivers/STM32H7xx_HAL_Driver/Src/stm32h7xx_hal_i2c.o
                0x000000002000d8d4                HAL_I2C_Master_Receive_DMA
 .text.HAL_I2C_Slave_Transmit_DMA
                0x000000002000dab4      0x16c Drivers/STM32H7xx_HAL_Driver/Src/stm32h7xx_hal_i2c.o
                0x000000002000dab4                HAL_I2C_Slave_Transmit_DMA
 .text.HAL_I2C_Slave_Receive_DMA
                0x000000002000dc20      0x16c Drivers/STM32H7xx_HAL_Driver/Src/stm32h7xx_hal_i2c.o
                0x000000002000dc20                HAL_I2C_Slave_Receive_DMA
 .text.HAL_I2C_Mem_Write
                0x000000002000dd8c      0x244 Drivers/STM32H7xx_HAL_Driver/Src/stm32h7xx_hal_i2c.o
                0x000000002000dd8c                HAL_I2C_Mem_Write
 .text.HAL_I2C_Mem_Read
                0x000000002000dfd0      0x250 Drivers/STM32H7xx_HAL_Driver/Src/stm32h7xx_hal_i2c.o
                0x000000002000dfd0                HAL_I2C_Mem_Read
 .text.HAL_I2C_Mem_Write_IT
                0x000000002000e220      0x140 Drivers/STM32H7xx_HAL_Driver/Src/stm32h7xx_hal_i2c.o
                0x000000002000e220                HAL_I2C_Mem_Write_IT
 .text.HAL_I2C_Mem_Read_IT
                0x000000002000e360      0x144 Drivers/STM32H7xx_HAL_Driver/Src/stm32h7xx_hal_i2c.o
                0x000000002000e360                HAL_I2C_Mem_Read_IT
 .text.HAL_I2C_Mem_Write_DMA
                0x000000002000e4a4      0x208 Drivers/STM32H7xx_HAL_Driver/Src/stm32h7xx_hal_i2c.o
                0x000000002000e4a4                HAL_I2C_Mem_Write_DMA
 .text.HAL_I2C_Mem_Read_DMA
                0x000000002000e6ac      0x20c Drivers/STM32H7xx_HAL_Driver/Src/stm32h7xx_hal_i2c.o
                0x000000002000e6ac                HAL_I2C_Mem_Read_DMA
 .text.HAL_I2C_IsDeviceReady
                0x000000002000e8b8      0x210 Drivers/STM32H7xx_HAL_Driver/Src/stm32h7xx_hal_i2c.o
                0x000000002000e8b8                HAL_I2C_IsDeviceReady
 .text.HAL_I2C_Master_Seq_Transmit_IT
                0x000000002000eac8      0x150 Drivers/STM32H7xx_HAL_Driver/Src/stm32h7xx_hal_i2c.o
                0x000000002000eac8                HAL_I2C_Master_Seq_Transmit_IT
 .text.HAL_I2C_Master_Seq_Transmit_DMA
                0x000000002000ec18      0x250 Drivers/STM32H7xx_HAL_Driver/Src/stm32h7xx_hal_i2c.o
                0x000000002000ec18                HAL_I2C_Master_Seq_Transmit_DMA
 .text.HAL_I2C_Master_Seq_Receive_IT
                0x000000002000ee68      0x150 Drivers/STM32H7xx_HAL_Driver/Src/stm32h7xx_hal_i2c.o
                0x000000002000ee68                HAL_I2C_Master_Seq_Receive_IT
 .text.HAL_I2C_Master_Seq_Receive_DMA
                0x000000002000efb8      0x250 Drivers/STM32H7xx_HAL_Driver/Src/stm32h7xx_hal_i2c.o
                0x000000002000efb8                HAL_I2C_Master_Seq_Receive_DMA
 .text.HAL_I2C_Slave_Seq_Transmit_IT
                0x000000002000f208      0x190 Drivers/STM32H7xx_HAL_Driver/Src/stm32h7xx_hal_i2c.o
                0x000000002000f208                HAL_I2C_Slave_Seq_Transmit_IT
 .text.HAL_I2C_Slave_Seq_Transmit_DMA
                0x000000002000f398      0x2b8 Drivers/STM32H7xx_HAL_Driver/Src/stm32h7xx_hal_i2c.o
                0x000000002000f398                HAL_I2C_Slave_Seq_Transmit_DMA
 .text.HAL_I2C_Slave_Seq_Receive_IT
                0x000000002000f650      0x190 Drivers/STM32H7xx_HAL_Driver/Src/stm32h7xx_hal_i2c.o
                0x000000002000f650                HAL_I2C_Slave_Seq_Receive_IT
 .text.HAL_I2C_Slave_Seq_Receive_DMA
                0x000000002000f7e0      0x2b8 Drivers/STM32H7xx_HAL_Driver/Src/stm32h7xx_hal_i2c.o
                0x000000002000f7e0                HAL_I2C_Slave_Seq_Receive_DMA
 .text.HAL_I2C_EnableListen_IT
                0x000000002000fa98       0x40 Drivers/STM32H7xx_HAL_Driver/Src/stm32h7xx_hal_i2c.o
                0x000000002000fa98                HAL_I2C_EnableListen_IT
 .text.HAL_I2C_DisableListen_IT
                0x000000002000fad8       0x62 Drivers/STM32H7xx_HAL_Driver/Src/stm32h7xx_hal_i2c.o
                0x000000002000fad8                HAL_I2C_DisableListen_IT
 *fill*         0x000000002000fb3a        0x2 
 .text.HAL_I2C_Master_Abort_IT
                0x000000002000fb3c       0xa0 Drivers/STM32H7xx_HAL_Driver/Src/stm32h7xx_hal_i2c.o
                0x000000002000fb3c                HAL_I2C_Master_Abort_IT
 .text.HAL_I2C_EV_IRQHandler
                0x000000002000fbdc       0x34 Drivers/STM32H7xx_HAL_Driver/Src/stm32h7xx_hal_i2c.o
                0x000000002000fbdc                HAL_I2C_EV_IRQHandler
 .text.HAL_I2C_ER_IRQHandler
                0x000000002000fc10       0xc2 Drivers/STM32H7xx_HAL_Driver/Src/stm32h7xx_hal_i2c.o
                0x000000002000fc10                HAL_I2C_ER_IRQHandler
 .text.HAL_I2C_MasterTxCpltCallback
                0x000000002000fcd2       0x14 Drivers/STM32H7xx_HAL_Driver/Src/stm32h7xx_hal_i2c.o
                0x000000002000fcd2                HAL_I2C_MasterTxCpltCallback
 .text.HAL_I2C_MasterRxCpltCallback
                0x000000002000fce6       0x14 Drivers/STM32H7xx_HAL_Driver/Src/stm32h7xx_hal_i2c.o
                0x000000002000fce6                HAL_I2C_MasterRxCpltCallback
 .text.HAL_I2C_SlaveTxCpltCallback
                0x000000002000fcfa       0x14 Drivers/STM32H7xx_HAL_Driver/Src/stm32h7xx_hal_i2c.o
                0x000000002000fcfa                HAL_I2C_SlaveTxCpltCallback
 .text.HAL_I2C_SlaveRxCpltCallback
                0x000000002000fd0e       0x14 Drivers/STM32H7xx_HAL_Driver/Src/stm32h7xx_hal_i2c.o
                0x000000002000fd0e                HAL_I2C_SlaveRxCpltCallback
 .text.HAL_I2C_AddrCallback
                0x000000002000fd22       0x1c Drivers/STM32H7xx_HAL_Driver/Src/stm32h7xx_hal_i2c.o
                0x000000002000fd22                HAL_I2C_AddrCallback
 .text.HAL_I2C_ListenCpltCallback
                0x000000002000fd3e       0x14 Drivers/STM32H7xx_HAL_Driver/Src/stm32h7xx_hal_i2c.o
                0x000000002000fd3e                HAL_I2C_ListenCpltCallback
 .text.HAL_I2C_MemTxCpltCallback
                0x000000002000fd52       0x14 Drivers/STM32H7xx_HAL_Driver/Src/stm32h7xx_hal_i2c.o
                0x000000002000fd52                HAL_I2C_MemTxCpltCallback
 .text.HAL_I2C_MemRxCpltCallback
                0x000000002000fd66       0x14 Drivers/STM32H7xx_HAL_Driver/Src/stm32h7xx_hal_i2c.o
                0x000000002000fd66                HAL_I2C_MemRxCpltCallback
 .text.HAL_I2C_ErrorCallback
                0x000000002000fd7a       0x14 Drivers/STM32H7xx_HAL_Driver/Src/stm32h7xx_hal_i2c.o
                0x000000002000fd7a                HAL_I2C_ErrorCallback
 .text.HAL_I2C_AbortCpltCallback
                0x000000002000fd8e       0x14 Drivers/STM32H7xx_HAL_Driver/Src/stm32h7xx_hal_i2c.o
                0x000000002000fd8e                HAL_I2C_AbortCpltCallback
 .text.HAL_I2C_GetState
                0x000000002000fda2       0x1c Drivers/STM32H7xx_HAL_Driver/Src/stm32h7xx_hal_i2c.o
                0x000000002000fda2                HAL_I2C_GetState
 .text.HAL_I2C_GetMode
                0x000000002000fdbe       0x1c Drivers/STM32H7xx_HAL_Driver/Src/stm32h7xx_hal_i2c.o
                0x000000002000fdbe                HAL_I2C_GetMode
 .text.HAL_I2C_GetError
                0x000000002000fdda       0x18 Drivers/STM32H7xx_HAL_Driver/Src/stm32h7xx_hal_i2c.o
                0x000000002000fdda                HAL_I2C_GetError
 .text.I2C_Master_ISR_IT
                0x000000002000fdf2      0x252 Drivers/STM32H7xx_HAL_Driver/Src/stm32h7xx_hal_i2c.o
 .text.I2C_Slave_ISR_IT
                0x0000000020010044      0x206 Drivers/STM32H7xx_HAL_Driver/Src/stm32h7xx_hal_i2c.o
 .text.I2C_Master_ISR_DMA
                0x000000002001024a      0x1e6 Drivers/STM32H7xx_HAL_Driver/Src/stm32h7xx_hal_i2c.o
 .text.I2C_Slave_ISR_DMA
                0x0000000020010430      0x3c0 Drivers/STM32H7xx_HAL_Driver/Src/stm32h7xx_hal_i2c.o
 .text.I2C_RequestMemoryWrite
                0x00000000200107f0       0xa8 Drivers/STM32H7xx_HAL_Driver/Src/stm32h7xx_hal_i2c.o
 .text.I2C_RequestMemoryRead
                0x0000000020010898       0xa8 Drivers/STM32H7xx_HAL_Driver/Src/stm32h7xx_hal_i2c.o
 .text.I2C_ITAddrCplt
                0x0000000020010940      0x108 Drivers/STM32H7xx_HAL_Driver/Src/stm32h7xx_hal_i2c.o
 .text.I2C_ITMasterSeqCplt
                0x0000000020010a48       0x7a Drivers/STM32H7xx_HAL_Driver/Src/stm32h7xx_hal_i2c.o
 .text.I2C_ITSlaveSeqCplt
                0x0000000020010ac2       0xbc Drivers/STM32H7xx_HAL_Driver/Src/stm32h7xx_hal_i2c.o
 *fill*         0x0000000020010b7e        0x2 
 .text.I2C_ITMasterCplt
                0x0000000020010b80      0x190 Drivers/STM32H7xx_HAL_Driver/Src/stm32h7xx_hal_i2c.o
 .text.I2C_ITSlaveCplt
                0x0000000020010d10      0x3f0 Drivers/STM32H7xx_HAL_Driver/Src/stm32h7xx_hal_i2c.o
 .text.I2C_ITListenCplt
                0x0000000020011100       0xac Drivers/STM32H7xx_HAL_Driver/Src/stm32h7xx_hal_i2c.o
 .text.I2C_ITError
                0x00000000200111ac      0x1a0 Drivers/STM32H7xx_HAL_Driver/Src/stm32h7xx_hal_i2c.o
 .text.I2C_TreatErrorCallback
                0x000000002001134c       0x4e Drivers/STM32H7xx_HAL_Driver/Src/stm32h7xx_hal_i2c.o
 .text.I2C_Flush_TXDR
                0x000000002001139a       0x48 Drivers/STM32H7xx_HAL_Driver/Src/stm32h7xx_hal_i2c.o
 .text.I2C_DMAMasterTransmitCplt
                0x00000000200113e2       0x96 Drivers/STM32H7xx_HAL_Driver/Src/stm32h7xx_hal_i2c.o
 .text.I2C_DMASlaveTransmitCplt
                0x0000000020011478       0x40 Drivers/STM32H7xx_HAL_Driver/Src/stm32h7xx_hal_i2c.o
 .text.I2C_DMAMasterReceiveCplt
                0x00000000200114b8       0x96 Drivers/STM32H7xx_HAL_Driver/Src/stm32h7xx_hal_i2c.o
 *fill*         0x000000002001154e        0x2 
 .text.I2C_DMASlaveReceiveCplt
                0x0000000020011550      0x164 Drivers/STM32H7xx_HAL_Driver/Src/stm32h7xx_hal_i2c.o
 .text.I2C_DMAError
                0x00000000200116b4      0x270 Drivers/STM32H7xx_HAL_Driver/Src/stm32h7xx_hal_i2c.o
 .text.I2C_DMAAbort
                0x0000000020011924       0x3c Drivers/STM32H7xx_HAL_Driver/Src/stm32h7xx_hal_i2c.o
 .text.I2C_WaitOnFlagUntilTimeout
                0x0000000020011960       0x80 Drivers/STM32H7xx_HAL_Driver/Src/stm32h7xx_hal_i2c.o
 .text.I2C_WaitOnTXISFlagUntilTimeout
                0x00000000200119e0       0x80 Drivers/STM32H7xx_HAL_Driver/Src/stm32h7xx_hal_i2c.o
 .text.I2C_WaitOnSTOPFlagUntilTimeout
                0x0000000020011a60       0x78 Drivers/STM32H7xx_HAL_Driver/Src/stm32h7xx_hal_i2c.o
 .text.I2C_WaitOnRXNEFlagUntilTimeout
                0x0000000020011ad8       0xd8 Drivers/STM32H7xx_HAL_Driver/Src/stm32h7xx_hal_i2c.o
 .text.I2C_IsAcknowledgeFailed
                0x0000000020011bb0       0xcc Drivers/STM32H7xx_HAL_Driver/Src/stm32h7xx_hal_i2c.o
 .text.I2C_TransferConfig
                0x0000000020011c7c       0xf0 Drivers/STM32H7xx_HAL_Driver/Src/stm32h7xx_hal_i2c.o
 .text.I2C_Enable_IRQ
                0x0000000020011d6c       0xc8 Drivers/STM32H7xx_HAL_Driver/Src/stm32h7xx_hal_i2c.o
 .text.I2C_Disable_IRQ
                0x0000000020011e34       0xbc Drivers/STM32H7xx_HAL_Driver/Src/stm32h7xx_hal_i2c.o
 .text.I2C_ConvertOtherXferOptions
                0x0000000020011ef0       0x36 Drivers/STM32H7xx_HAL_Driver/Src/stm32h7xx_hal_i2c.o
 *fill*         0x0000000020011f26        0x2 
 .text.HAL_I2CEx_ConfigAnalogFilter
                0x0000000020011f28       0xec Drivers/STM32H7xx_HAL_Driver/Src/stm32h7xx_hal_i2c_ex.o
                0x0000000020011f28                HAL_I2CEx_ConfigAnalogFilter
 .text.HAL_I2CEx_ConfigDigitalFilter
                0x0000000020012014       0xe8 Drivers/STM32H7xx_HAL_Driver/Src/stm32h7xx_hal_i2c_ex.o
                0x0000000020012014                HAL_I2CEx_ConfigDigitalFilter
 .text.HAL_I2CEx_EnableWakeUp
                0x00000000200120fc       0xc4 Drivers/STM32H7xx_HAL_Driver/Src/stm32h7xx_hal_i2c_ex.o
                0x00000000200120fc                HAL_I2CEx_EnableWakeUp
 .text.HAL_I2CEx_DisableWakeUp
                0x00000000200121c0       0xc4 Drivers/STM32H7xx_HAL_Driver/Src/stm32h7xx_hal_i2c_ex.o
                0x00000000200121c0                HAL_I2CEx_DisableWakeUp
 .text.HAL_I2CEx_EnableFastModePlus
                0x0000000020012284       0xa0 Drivers/STM32H7xx_HAL_Driver/Src/stm32h7xx_hal_i2c_ex.o
                0x0000000020012284                HAL_I2CEx_EnableFastModePlus
 .text.HAL_I2CEx_DisableFastModePlus
                0x0000000020012324       0xa4 Drivers/STM32H7xx_HAL_Driver/Src/stm32h7xx_hal_i2c_ex.o
                0x0000000020012324                HAL_I2CEx_DisableFastModePlus
 .text.HAL_MDMA_Init
                0x00000000200123c8      0x470 Drivers/STM32H7xx_HAL_Driver/Src/stm32h7xx_hal_mdma.o
                0x00000000200123c8                HAL_MDMA_Init
 .text.HAL_MDMA_DeInit
                0x0000000020012838       0xb0 Drivers/STM32H7xx_HAL_Driver/Src/stm32h7xx_hal_mdma.o
                0x0000000020012838                HAL_MDMA_DeInit
 .text.HAL_MDMA_ConfigPostRequestMask
                0x00000000200128e8       0xa4 Drivers/STM32H7xx_HAL_Driver/Src/stm32h7xx_hal_mdma.o
                0x00000000200128e8                HAL_MDMA_ConfigPostRequestMask
 .text.HAL_MDMA_RegisterCallback
                0x000000002001298c       0xb4 Drivers/STM32H7xx_HAL_Driver/Src/stm32h7xx_hal_mdma.o
                0x000000002001298c                HAL_MDMA_RegisterCallback
 .text.HAL_MDMA_UnRegisterCallback
                0x0000000020012a40       0xdc Drivers/STM32H7xx_HAL_Driver/Src/stm32h7xx_hal_mdma.o
                0x0000000020012a40                HAL_MDMA_UnRegisterCallback
 .text.HAL_MDMA_LinkedList_CreateNode
                0x0000000020012b1c      0x4f8 Drivers/STM32H7xx_HAL_Driver/Src/stm32h7xx_hal_mdma.o
                0x0000000020012b1c                HAL_MDMA_LinkedList_CreateNode
 .text.HAL_MDMA_LinkedList_AddNode
                0x0000000020013014      0x188 Drivers/STM32H7xx_HAL_Driver/Src/stm32h7xx_hal_mdma.o
                0x0000000020013014                HAL_MDMA_LinkedList_AddNode
 .text.HAL_MDMA_LinkedList_RemoveNode
                0x000000002001319c      0x166 Drivers/STM32H7xx_HAL_Driver/Src/stm32h7xx_hal_mdma.o
                0x000000002001319c                HAL_MDMA_LinkedList_RemoveNode
 .text.HAL_MDMA_LinkedList_EnableCircularMode
                0x0000000020013302       0x86 Drivers/STM32H7xx_HAL_Driver/Src/stm32h7xx_hal_mdma.o
                0x0000000020013302                HAL_MDMA_LinkedList_EnableCircularMode
 .text.HAL_MDMA_LinkedList_DisableCircularMode
                0x0000000020013388       0x84 Drivers/STM32H7xx_HAL_Driver/Src/stm32h7xx_hal_mdma.o
                0x0000000020013388                HAL_MDMA_LinkedList_DisableCircularMode
 .text.HAL_MDMA_Start
                0x000000002001340c       0xe0 Drivers/STM32H7xx_HAL_Driver/Src/stm32h7xx_hal_mdma.o
                0x000000002001340c                HAL_MDMA_Start
 .text.HAL_MDMA_Start_IT
                0x00000000200134ec      0x138 Drivers/STM32H7xx_HAL_Driver/Src/stm32h7xx_hal_mdma.o
                0x00000000200134ec                HAL_MDMA_Start_IT
 .text.HAL_MDMA_Abort
                0x0000000020013624       0xb6 Drivers/STM32H7xx_HAL_Driver/Src/stm32h7xx_hal_mdma.o
                0x0000000020013624                HAL_MDMA_Abort
 .text.HAL_MDMA_Abort_IT
                0x00000000200136da       0x4e Drivers/STM32H7xx_HAL_Driver/Src/stm32h7xx_hal_mdma.o
                0x00000000200136da                HAL_MDMA_Abort_IT
 .text.HAL_MDMA_PollForTransfer
                0x0000000020013728      0x1bc Drivers/STM32H7xx_HAL_Driver/Src/stm32h7xx_hal_mdma.o
                0x0000000020013728                HAL_MDMA_PollForTransfer
 .text.HAL_MDMA_GenerateSWRequest
                0x00000000200138e4       0x74 Drivers/STM32H7xx_HAL_Driver/Src/stm32h7xx_hal_mdma.o
                0x00000000200138e4                HAL_MDMA_GenerateSWRequest
 .text.HAL_MDMA_IRQHandler
                0x0000000020013958      0x2ac Drivers/STM32H7xx_HAL_Driver/Src/stm32h7xx_hal_mdma.o
                0x0000000020013958                HAL_MDMA_IRQHandler
 .text.HAL_MDMA_GetState
                0x0000000020013c04       0x1c Drivers/STM32H7xx_HAL_Driver/Src/stm32h7xx_hal_mdma.o
                0x0000000020013c04                HAL_MDMA_GetState
 .text.HAL_MDMA_GetError
                0x0000000020013c20       0x18 Drivers/STM32H7xx_HAL_Driver/Src/stm32h7xx_hal_mdma.o
                0x0000000020013c20                HAL_MDMA_GetError
 .text.MDMA_SetConfig
                0x0000000020013c38       0xe0 Drivers/STM32H7xx_HAL_Driver/Src/stm32h7xx_hal_mdma.o
 .text.MDMA_Init
                0x0000000020013d18      0x130 Drivers/STM32H7xx_HAL_Driver/Src/stm32h7xx_hal_mdma.o
 .text.HAL_PWR_DeInit
                0x0000000020013e48        0xe Drivers/STM32H7xx_HAL_Driver/Src/stm32h7xx_hal_pwr.o
                0x0000000020013e48                HAL_PWR_DeInit
 *fill*         0x0000000020013e56        0x2 
 .text.HAL_PWR_EnableBkUpAccess
                0x0000000020013e58       0x20 Drivers/STM32H7xx_HAL_Driver/Src/stm32h7xx_hal_pwr.o
                0x0000000020013e58                HAL_PWR_EnableBkUpAccess
 .text.HAL_PWR_DisableBkUpAccess
                0x0000000020013e78       0x20 Drivers/STM32H7xx_HAL_Driver/Src/stm32h7xx_hal_pwr.o
                0x0000000020013e78                HAL_PWR_DisableBkUpAccess
 .text.HAL_PWR_ConfigPVD
                0x0000000020013e98      0x19c Drivers/STM32H7xx_HAL_Driver/Src/stm32h7xx_hal_pwr.o
                0x0000000020013e98                HAL_PWR_ConfigPVD
 .text.HAL_PWR_EnablePVD
                0x0000000020014034       0x20 Drivers/STM32H7xx_HAL_Driver/Src/stm32h7xx_hal_pwr.o
                0x0000000020014034                HAL_PWR_EnablePVD
 .text.HAL_PWR_DisablePVD
                0x0000000020014054       0x20 Drivers/STM32H7xx_HAL_Driver/Src/stm32h7xx_hal_pwr.o
                0x0000000020014054                HAL_PWR_DisablePVD
 .text.HAL_PWR_EnableWakeUpPin
                0x0000000020014074       0xbc Drivers/STM32H7xx_HAL_Driver/Src/stm32h7xx_hal_pwr.o
                0x0000000020014074                HAL_PWR_EnableWakeUpPin
 .text.HAL_PWR_DisableWakeUpPin
                0x0000000020014130       0xb8 Drivers/STM32H7xx_HAL_Driver/Src/stm32h7xx_hal_pwr.o
                0x0000000020014130                HAL_PWR_DisableWakeUpPin
 .text.HAL_PWR_EnterSLEEPMode
                0x00000000200141e8       0x60 Drivers/STM32H7xx_HAL_Driver/Src/stm32h7xx_hal_pwr.o
                0x00000000200141e8                HAL_PWR_EnterSLEEPMode
 .text.HAL_PWR_EnterSTOPMode
                0x0000000020014248       0xa0 Drivers/STM32H7xx_HAL_Driver/Src/stm32h7xx_hal_pwr.o
                0x0000000020014248                HAL_PWR_EnterSTOPMode
 .text.HAL_PWR_EnterSTANDBYMode
                0x00000000200142e8       0x44 Drivers/STM32H7xx_HAL_Driver/Src/stm32h7xx_hal_pwr.o
                0x00000000200142e8                HAL_PWR_EnterSTANDBYMode
 .text.HAL_PWR_EnableSleepOnExit
                0x000000002001432c       0x20 Drivers/STM32H7xx_HAL_Driver/Src/stm32h7xx_hal_pwr.o
                0x000000002001432c                HAL_PWR_EnableSleepOnExit
 .text.HAL_PWR_DisableSleepOnExit
                0x000000002001434c       0x20 Drivers/STM32H7xx_HAL_Driver/Src/stm32h7xx_hal_pwr.o
                0x000000002001434c                HAL_PWR_DisableSleepOnExit
 .text.HAL_PWR_EnableSEVOnPend
                0x000000002001436c       0x20 Drivers/STM32H7xx_HAL_Driver/Src/stm32h7xx_hal_pwr.o
                0x000000002001436c                HAL_PWR_EnableSEVOnPend
 .text.HAL_PWR_DisableSEVOnPend
                0x000000002001438c       0x20 Drivers/STM32H7xx_HAL_Driver/Src/stm32h7xx_hal_pwr.o
                0x000000002001438c                HAL_PWR_DisableSEVOnPend
 .text.HAL_PWR_PVD_IRQHandler
                0x00000000200143ac       0x32 Drivers/STM32H7xx_HAL_Driver/Src/stm32h7xx_hal_pwr.o
                0x00000000200143ac                HAL_PWR_PVD_IRQHandler
 .text.HAL_PWR_PVDCallback
                0x00000000200143de        0xe Drivers/STM32H7xx_HAL_Driver/Src/stm32h7xx_hal_pwr.o
                0x00000000200143de                HAL_PWR_PVDCallback
 .text.HAL_PWREx_ConfigSupply
                0x00000000200143ec       0x8c Drivers/STM32H7xx_HAL_Driver/Src/stm32h7xx_hal_pwr_ex.o
                0x00000000200143ec                HAL_PWREx_ConfigSupply
 .text.HAL_PWREx_GetSupplyConfig
                0x0000000020014478       0x1c Drivers/STM32H7xx_HAL_Driver/Src/stm32h7xx_hal_pwr_ex.o
                0x0000000020014478                HAL_PWREx_GetSupplyConfig
 .text.HAL_PWREx_ControlVoltageScaling
                0x0000000020014494      0x13c Drivers/STM32H7xx_HAL_Driver/Src/stm32h7xx_hal_pwr_ex.o
                0x0000000020014494                HAL_PWREx_ControlVoltageScaling
 .text.HAL_PWREx_GetVoltageRange
                0x00000000200145d0       0x1c Drivers/STM32H7xx_HAL_Driver/Src/stm32h7xx_hal_pwr_ex.o
                0x00000000200145d0                HAL_PWREx_GetVoltageRange
 .text.HAL_PWREx_ControlStopModeVoltageScaling
                0x00000000200145ec       0x4c Drivers/STM32H7xx_HAL_Driver/Src/stm32h7xx_hal_pwr_ex.o
                0x00000000200145ec                HAL_PWREx_ControlStopModeVoltageScaling
 .text.HAL_PWREx_GetStopModeVoltageRange
                0x0000000020014638       0x1c Drivers/STM32H7xx_HAL_Driver/Src/stm32h7xx_hal_pwr_ex.o
                0x0000000020014638                HAL_PWREx_GetStopModeVoltageRange
 .text.HAL_PWREx_EnterSTOPMode
                0x0000000020014654       0xdc Drivers/STM32H7xx_HAL_Driver/Src/stm32h7xx_hal_pwr_ex.o
                0x0000000020014654                HAL_PWREx_EnterSTOPMode
 .text.HAL_PWREx_ClearPendingEvent
                0x0000000020014730       0x10 Drivers/STM32H7xx_HAL_Driver/Src/stm32h7xx_hal_pwr_ex.o
                0x0000000020014730                HAL_PWREx_ClearPendingEvent
 .text.HAL_PWREx_EnterSTANDBYMode
                0x0000000020014740       0x7c Drivers/STM32H7xx_HAL_Driver/Src/stm32h7xx_hal_pwr_ex.o
                0x0000000020014740                HAL_PWREx_EnterSTANDBYMode
 .text.HAL_PWREx_ConfigD3Domain
                0x00000000200147bc       0x40 Drivers/STM32H7xx_HAL_Driver/Src/stm32h7xx_hal_pwr_ex.o
                0x00000000200147bc                HAL_PWREx_ConfigD3Domain
 .text.HAL_PWREx_EnableFlashPowerDown
                0x00000000200147fc       0x20 Drivers/STM32H7xx_HAL_Driver/Src/stm32h7xx_hal_pwr_ex.o
                0x00000000200147fc                HAL_PWREx_EnableFlashPowerDown
 .text.HAL_PWREx_DisableFlashPowerDown
                0x000000002001481c       0x20 Drivers/STM32H7xx_HAL_Driver/Src/stm32h7xx_hal_pwr_ex.o
                0x000000002001481c                HAL_PWREx_DisableFlashPowerDown
 .text.HAL_PWREx_EnableWakeUpPin
                0x000000002001483c      0x1dc Drivers/STM32H7xx_HAL_Driver/Src/stm32h7xx_hal_pwr_ex.o
                0x000000002001483c                HAL_PWREx_EnableWakeUpPin
 .text.HAL_PWREx_DisableWakeUpPin
                0x0000000020014a18       0xb4 Drivers/STM32H7xx_HAL_Driver/Src/stm32h7xx_hal_pwr_ex.o
                0x0000000020014a18                HAL_PWREx_DisableWakeUpPin
 .text.HAL_PWREx_GetWakeupFlag
                0x0000000020014acc       0x54 Drivers/STM32H7xx_HAL_Driver/Src/stm32h7xx_hal_pwr_ex.o
                0x0000000020014acc                HAL_PWREx_GetWakeupFlag
 .text.HAL_PWREx_ClearWakeupFlag
                0x0000000020014b20       0x6c Drivers/STM32H7xx_HAL_Driver/Src/stm32h7xx_hal_pwr_ex.o
                0x0000000020014b20                HAL_PWREx_ClearWakeupFlag
 .text.HAL_PWREx_WAKEUP_PIN_IRQHandler
                0x0000000020014b8c       0xb4 Drivers/STM32H7xx_HAL_Driver/Src/stm32h7xx_hal_pwr_ex.o
                0x0000000020014b8c                HAL_PWREx_WAKEUP_PIN_IRQHandler
 .text.HAL_PWREx_WKUP1_Callback
                0x0000000020014c40        0xe Drivers/STM32H7xx_HAL_Driver/Src/stm32h7xx_hal_pwr_ex.o
                0x0000000020014c40                HAL_PWREx_WKUP1_Callback
 .text.HAL_PWREx_WKUP2_Callback
                0x0000000020014c4e        0xe Drivers/STM32H7xx_HAL_Driver/Src/stm32h7xx_hal_pwr_ex.o
                0x0000000020014c4e                HAL_PWREx_WKUP2_Callback
 .text.HAL_PWREx_WKUP3_Callback
                0x0000000020014c5c        0xe Drivers/STM32H7xx_HAL_Driver/Src/stm32h7xx_hal_pwr_ex.o
                0x0000000020014c5c                HAL_PWREx_WKUP3_Callback
 .text.HAL_PWREx_WKUP4_Callback
                0x0000000020014c6a        0xe Drivers/STM32H7xx_HAL_Driver/Src/stm32h7xx_hal_pwr_ex.o
                0x0000000020014c6a                HAL_PWREx_WKUP4_Callback
 .text.HAL_PWREx_WKUP5_Callback
                0x0000000020014c78        0xe Drivers/STM32H7xx_HAL_Driver/Src/stm32h7xx_hal_pwr_ex.o
                0x0000000020014c78                HAL_PWREx_WKUP5_Callback
 .text.HAL_PWREx_WKUP6_Callback
                0x0000000020014c86        0xe Drivers/STM32H7xx_HAL_Driver/Src/stm32h7xx_hal_pwr_ex.o
                0x0000000020014c86                HAL_PWREx_WKUP6_Callback
 .text.HAL_PWREx_EnableBkUpReg
                0x0000000020014c94       0x4c Drivers/STM32H7xx_HAL_Driver/Src/stm32h7xx_hal_pwr_ex.o
                0x0000000020014c94                HAL_PWREx_EnableBkUpReg
 .text.HAL_PWREx_DisableBkUpReg
                0x0000000020014ce0       0x4c Drivers/STM32H7xx_HAL_Driver/Src/stm32h7xx_hal_pwr_ex.o
                0x0000000020014ce0                HAL_PWREx_DisableBkUpReg
 .text.HAL_PWREx_EnableUSBReg
                0x0000000020014d2c       0x4c Drivers/STM32H7xx_HAL_Driver/Src/stm32h7xx_hal_pwr_ex.o
                0x0000000020014d2c                HAL_PWREx_EnableUSBReg
 .text.HAL_PWREx_DisableUSBReg
                0x0000000020014d78       0x4c Drivers/STM32H7xx_HAL_Driver/Src/stm32h7xx_hal_pwr_ex.o
                0x0000000020014d78                HAL_PWREx_DisableUSBReg
 .text.HAL_PWREx_EnableUSBVoltageDetector
                0x0000000020014dc4       0x20 Drivers/STM32H7xx_HAL_Driver/Src/stm32h7xx_hal_pwr_ex.o
                0x0000000020014dc4                HAL_PWREx_EnableUSBVoltageDetector
 .text.HAL_PWREx_DisableUSBVoltageDetector
                0x0000000020014de4       0x20 Drivers/STM32H7xx_HAL_Driver/Src/stm32h7xx_hal_pwr_ex.o
                0x0000000020014de4                HAL_PWREx_DisableUSBVoltageDetector
 .text.HAL_PWREx_EnableBatteryCharging
                0x0000000020014e04       0x4c Drivers/STM32H7xx_HAL_Driver/Src/stm32h7xx_hal_pwr_ex.o
                0x0000000020014e04                HAL_PWREx_EnableBatteryCharging
 .text.HAL_PWREx_DisableBatteryCharging
                0x0000000020014e50       0x20 Drivers/STM32H7xx_HAL_Driver/Src/stm32h7xx_hal_pwr_ex.o
                0x0000000020014e50                HAL_PWREx_DisableBatteryCharging
 .text.HAL_PWREx_EnableMonitoring
                0x0000000020014e70       0x20 Drivers/STM32H7xx_HAL_Driver/Src/stm32h7xx_hal_pwr_ex.o
                0x0000000020014e70                HAL_PWREx_EnableMonitoring
 .text.HAL_PWREx_DisableMonitoring
                0x0000000020014e90       0x20 Drivers/STM32H7xx_HAL_Driver/Src/stm32h7xx_hal_pwr_ex.o
                0x0000000020014e90                HAL_PWREx_DisableMonitoring
 .text.HAL_PWREx_GetTemperatureLevel
                0x0000000020014eb0       0x48 Drivers/STM32H7xx_HAL_Driver/Src/stm32h7xx_hal_pwr_ex.o
                0x0000000020014eb0                HAL_PWREx_GetTemperatureLevel
 .text.HAL_PWREx_GetVBATLevel
                0x0000000020014ef8       0x48 Drivers/STM32H7xx_HAL_Driver/Src/stm32h7xx_hal_pwr_ex.o
                0x0000000020014ef8                HAL_PWREx_GetVBATLevel
 .text.HAL_PWREx_ConfigAVD
                0x0000000020014f40      0x178 Drivers/STM32H7xx_HAL_Driver/Src/stm32h7xx_hal_pwr_ex.o
                0x0000000020014f40                HAL_PWREx_ConfigAVD
 .text.HAL_PWREx_EnableAVD
                0x00000000200150b8       0x20 Drivers/STM32H7xx_HAL_Driver/Src/stm32h7xx_hal_pwr_ex.o
                0x00000000200150b8                HAL_PWREx_EnableAVD
 .text.HAL_PWREx_DisableAVD
                0x00000000200150d8       0x20 Drivers/STM32H7xx_HAL_Driver/Src/stm32h7xx_hal_pwr_ex.o
                0x00000000200150d8                HAL_PWREx_DisableAVD
 .text.HAL_PWREx_PVD_AVD_IRQHandler
                0x00000000200150f8       0x78 Drivers/STM32H7xx_HAL_Driver/Src/stm32h7xx_hal_pwr_ex.o
                0x00000000200150f8                HAL_PWREx_PVD_AVD_IRQHandler
 .text.HAL_PWREx_AVDCallback
                0x0000000020015170        0xe Drivers/STM32H7xx_HAL_Driver/Src/stm32h7xx_hal_pwr_ex.o
                0x0000000020015170                HAL_PWREx_AVDCallback
 *fill*         0x000000002001517e        0x2 
 .text.HAL_QSPI_Init
                0x0000000020015180      0x20c Drivers/STM32H7xx_HAL_Driver/Src/stm32h7xx_hal_qspi.o
                0x0000000020015180                HAL_QSPI_Init
 .text.HAL_QSPI_DeInit
                0x000000002001538c       0x40 Drivers/STM32H7xx_HAL_Driver/Src/stm32h7xx_hal_qspi.o
                0x000000002001538c                HAL_QSPI_DeInit
 .text.HAL_QSPI_MspInit
                0x00000000200153cc       0x14 Drivers/STM32H7xx_HAL_Driver/Src/stm32h7xx_hal_qspi.o
 .text.HAL_QSPI_MspDeInit
                0x00000000200153e0       0x14 Drivers/STM32H7xx_HAL_Driver/Src/stm32h7xx_hal_qspi.o
 .text.HAL_QSPI_IRQHandler
                0x00000000200153f4      0x374 Drivers/STM32H7xx_HAL_Driver/Src/stm32h7xx_hal_qspi.o
                0x00000000200153f4                HAL_QSPI_IRQHandler
 .text.HAL_QSPI_Command
                0x0000000020015768      0x270 Drivers/STM32H7xx_HAL_Driver/Src/stm32h7xx_hal_qspi.o
                0x0000000020015768                HAL_QSPI_Command
 .text.HAL_QSPI_Command_IT
                0x00000000200159d8      0x280 Drivers/STM32H7xx_HAL_Driver/Src/stm32h7xx_hal_qspi.o
                0x00000000200159d8                HAL_QSPI_Command_IT
 .text.HAL_QSPI_Transmit
                0x0000000020015c58      0x124 Drivers/STM32H7xx_HAL_Driver/Src/stm32h7xx_hal_qspi.o
                0x0000000020015c58                HAL_QSPI_Transmit
 .text.HAL_QSPI_Receive
                0x0000000020015d7c      0x13a Drivers/STM32H7xx_HAL_Driver/Src/stm32h7xx_hal_qspi.o
                0x0000000020015d7c                HAL_QSPI_Receive
 .text.HAL_QSPI_Transmit_IT
                0x0000000020015eb6       0xca Drivers/STM32H7xx_HAL_Driver/Src/stm32h7xx_hal_qspi.o
                0x0000000020015eb6                HAL_QSPI_Transmit_IT
 .text.HAL_QSPI_Receive_IT
                0x0000000020015f80       0xde Drivers/STM32H7xx_HAL_Driver/Src/stm32h7xx_hal_qspi.o
                0x0000000020015f80                HAL_QSPI_Receive_IT
 *fill*         0x000000002001605e        0x2 
 .text.HAL_QSPI_Transmit_DMA
                0x0000000020016060      0x1dc Drivers/STM32H7xx_HAL_Driver/Src/stm32h7xx_hal_qspi.o
                0x0000000020016060                HAL_QSPI_Transmit_DMA
 .text.HAL_QSPI_Receive_DMA
                0x000000002001623c      0x1f0 Drivers/STM32H7xx_HAL_Driver/Src/stm32h7xx_hal_qspi.o
                0x000000002001623c                HAL_QSPI_Receive_DMA
 .text.HAL_QSPI_AutoPolling
                0x000000002001642c      0x2f0 Drivers/STM32H7xx_HAL_Driver/Src/stm32h7xx_hal_qspi.o
                0x000000002001642c                HAL_QSPI_AutoPolling
 .text.HAL_QSPI_AutoPolling_IT
                0x000000002001671c      0x30c Drivers/STM32H7xx_HAL_Driver/Src/stm32h7xx_hal_qspi.o
                0x000000002001671c                HAL_QSPI_AutoPolling_IT
 .text.HAL_QSPI_MemoryMapped
                0x0000000020016a28      0x2a8 Drivers/STM32H7xx_HAL_Driver/Src/stm32h7xx_hal_qspi.o
                0x0000000020016a28                HAL_QSPI_MemoryMapped
 .text.HAL_QSPI_ErrorCallback
                0x0000000020016cd0       0x14 Drivers/STM32H7xx_HAL_Driver/Src/stm32h7xx_hal_qspi.o
                0x0000000020016cd0                HAL_QSPI_ErrorCallback
 .text.HAL_QSPI_AbortCpltCallback
                0x0000000020016ce4       0x14 Drivers/STM32H7xx_HAL_Driver/Src/stm32h7xx_hal_qspi.o
                0x0000000020016ce4                HAL_QSPI_AbortCpltCallback
 .text.HAL_QSPI_CmdCpltCallback
                0x0000000020016cf8       0x14 Drivers/STM32H7xx_HAL_Driver/Src/stm32h7xx_hal_qspi.o
                0x0000000020016cf8                HAL_QSPI_CmdCpltCallback
 .text.HAL_QSPI_RxCpltCallback
                0x0000000020016d0c       0x14 Drivers/STM32H7xx_HAL_Driver/Src/stm32h7xx_hal_qspi.o
                0x0000000020016d0c                HAL_QSPI_RxCpltCallback
 .text.HAL_QSPI_TxCpltCallback
                0x0000000020016d20       0x14 Drivers/STM32H7xx_HAL_Driver/Src/stm32h7xx_hal_qspi.o
                0x0000000020016d20                HAL_QSPI_TxCpltCallback
 .text.HAL_QSPI_FifoThresholdCallback
                0x0000000020016d34       0x14 Drivers/STM32H7xx_HAL_Driver/Src/stm32h7xx_hal_qspi.o
                0x0000000020016d34                HAL_QSPI_FifoThresholdCallback
 .text.HAL_QSPI_StatusMatchCallback
                0x0000000020016d48       0x14 Drivers/STM32H7xx_HAL_Driver/Src/stm32h7xx_hal_qspi.o
                0x0000000020016d48                HAL_QSPI_StatusMatchCallback
 .text.HAL_QSPI_TimeOutCallback
                0x0000000020016d5c       0x14 Drivers/STM32H7xx_HAL_Driver/Src/stm32h7xx_hal_qspi.o
                0x0000000020016d5c                HAL_QSPI_TimeOutCallback
 .text.HAL_QSPI_GetState
                0x0000000020016d70       0x1c Drivers/STM32H7xx_HAL_Driver/Src/stm32h7xx_hal_qspi.o
                0x0000000020016d70                HAL_QSPI_GetState
 .text.HAL_QSPI_GetError
                0x0000000020016d8c       0x18 Drivers/STM32H7xx_HAL_Driver/Src/stm32h7xx_hal_qspi.o
                0x0000000020016d8c                HAL_QSPI_GetError
 .text.HAL_QSPI_Abort
                0x0000000020016da4       0xda Drivers/STM32H7xx_HAL_Driver/Src/stm32h7xx_hal_qspi.o
                0x0000000020016da4                HAL_QSPI_Abort
 *fill*         0x0000000020016e7e        0x2 
 .text.HAL_QSPI_Abort_IT
                0x0000000020016e80       0xb8 Drivers/STM32H7xx_HAL_Driver/Src/stm32h7xx_hal_qspi.o
                0x0000000020016e80                HAL_QSPI_Abort_IT
 .text.HAL_QSPI_SetTimeout
                0x0000000020016f38       0x1c Drivers/STM32H7xx_HAL_Driver/Src/stm32h7xx_hal_qspi.o
                0x0000000020016f38                HAL_QSPI_SetTimeout
 .text.HAL_QSPI_SetFifoThreshold
                0x0000000020016f54       0x6e Drivers/STM32H7xx_HAL_Driver/Src/stm32h7xx_hal_qspi.o
                0x0000000020016f54                HAL_QSPI_SetFifoThreshold
 .text.HAL_QSPI_GetFifoThreshold
                0x0000000020016fc2       0x22 Drivers/STM32H7xx_HAL_Driver/Src/stm32h7xx_hal_qspi.o
                0x0000000020016fc2                HAL_QSPI_GetFifoThreshold
 .text.HAL_QSPI_SetFlashID
                0x0000000020016fe4       0x80 Drivers/STM32H7xx_HAL_Driver/Src/stm32h7xx_hal_qspi.o
                0x0000000020016fe4                HAL_QSPI_SetFlashID
 .text.QSPI_DMARxCplt
                0x0000000020017064       0x30 Drivers/STM32H7xx_HAL_Driver/Src/stm32h7xx_hal_qspi.o
 .text.QSPI_DMATxCplt
                0x0000000020017094       0x30 Drivers/STM32H7xx_HAL_Driver/Src/stm32h7xx_hal_qspi.o
 .text.QSPI_DMAError
                0x00000000200170c4       0x44 Drivers/STM32H7xx_HAL_Driver/Src/stm32h7xx_hal_qspi.o
 .text.QSPI_DMAAbortCplt
                0x0000000020017108       0x66 Drivers/STM32H7xx_HAL_Driver/Src/stm32h7xx_hal_qspi.o
 .text.QSPI_WaitFlagStateUntilTimeout
                0x000000002001716e       0x6e Drivers/STM32H7xx_HAL_Driver/Src/stm32h7xx_hal_qspi.o
 .text.QSPI_Config
                0x00000000200171dc      0x338 Drivers/STM32H7xx_HAL_Driver/Src/stm32h7xx_hal_qspi.o
 .text.HAL_RCC_DeInit
                0x0000000020017514      0x254 Drivers/STM32H7xx_HAL_Driver/Src/stm32h7xx_hal_rcc.o
                0x0000000020017514                HAL_RCC_DeInit
 .text.HAL_RCC_OscConfig
                0x0000000020017768      0x9fc Drivers/STM32H7xx_HAL_Driver/Src/stm32h7xx_hal_rcc.o
                0x0000000020017768                HAL_RCC_OscConfig
 .text.HAL_RCC_ClockConfig
                0x0000000020018164      0x6e0 Drivers/STM32H7xx_HAL_Driver/Src/stm32h7xx_hal_rcc.o
                0x0000000020018164                HAL_RCC_ClockConfig
 .text.HAL_RCC_MCOConfig
                0x0000000020018844      0x1d8 Drivers/STM32H7xx_HAL_Driver/Src/stm32h7xx_hal_rcc.o
                0x0000000020018844                HAL_RCC_MCOConfig
 .text.HAL_RCC_EnableCSS
                0x0000000020018a1c       0x20 Drivers/STM32H7xx_HAL_Driver/Src/stm32h7xx_hal_rcc.o
                0x0000000020018a1c                HAL_RCC_EnableCSS
 .text.HAL_RCC_DisableCSS
                0x0000000020018a3c       0x20 Drivers/STM32H7xx_HAL_Driver/Src/stm32h7xx_hal_rcc.o
                0x0000000020018a3c                HAL_RCC_DisableCSS
 .text.HAL_RCC_GetSysClockFreq
                0x0000000020018a5c      0x2e4 Drivers/STM32H7xx_HAL_Driver/Src/stm32h7xx_hal_rcc.o
                0x0000000020018a5c                HAL_RCC_GetSysClockFreq